Archive member included to satisfy reference by file (symbol)

c:/ac6/systemworkbench/plugins/fr.ac6.mcu.externaltools.arm-none.win32_1.7.0.201602121829/tools/compiler/bin/../lib/gcc/arm-none-eabi/5.2.1/../../../../arm-none-eabi/lib/armv7e-m/fpu/fpv5-sp-d16\libc_nano.a(lib_a-exit.o)
                              c:/ac6/systemworkbench/plugins/fr.ac6.mcu.externaltools.arm-none.win32_1.7.0.201602121829/tools/compiler/bin/../lib/gcc/arm-none-eabi/5.2.1/../../../../arm-none-eabi/lib/armv7e-m/fpu/fpv5-sp-d16/crt0.o (exit)
c:/ac6/systemworkbench/plugins/fr.ac6.mcu.externaltools.arm-none.win32_1.7.0.201602121829/tools/compiler/bin/../lib/gcc/arm-none-eabi/5.2.1/../../../../arm-none-eabi/lib/armv7e-m/fpu/fpv5-sp-d16\libc_nano.a(lib_a-impure.o)
                              c:/ac6/systemworkbench/plugins/fr.ac6.mcu.externaltools.arm-none.win32_1.7.0.201602121829/tools/compiler/bin/../lib/gcc/arm-none-eabi/5.2.1/../../../../arm-none-eabi/lib/armv7e-m/fpu/fpv5-sp-d16\libc_nano.a(lib_a-exit.o) (_global_impure_ptr)
c:/ac6/systemworkbench/plugins/fr.ac6.mcu.externaltools.arm-none.win32_1.7.0.201602121829/tools/compiler/bin/../lib/gcc/arm-none-eabi/5.2.1/../../../../arm-none-eabi/lib/armv7e-m/fpu/fpv5-sp-d16\libc_nano.a(lib_a-init.o)
                              c:/ac6/systemworkbench/plugins/fr.ac6.mcu.externaltools.arm-none.win32_1.7.0.201602121829/tools/compiler/bin/../lib/gcc/arm-none-eabi/5.2.1/../../../../arm-none-eabi/lib/armv7e-m/fpu/fpv5-sp-d16/crt0.o (__libc_init_array)
c:/ac6/systemworkbench/plugins/fr.ac6.mcu.externaltools.arm-none.win32_1.7.0.201602121829/tools/compiler/bin/../lib/gcc/arm-none-eabi/5.2.1/../../../../arm-none-eabi/lib/armv7e-m/fpu/fpv5-sp-d16\libc_nano.a(lib_a-memset.o)
                              c:/ac6/systemworkbench/plugins/fr.ac6.mcu.externaltools.arm-none.win32_1.7.0.201602121829/tools/compiler/bin/../lib/gcc/arm-none-eabi/5.2.1/../../../../arm-none-eabi/lib/armv7e-m/fpu/fpv5-sp-d16/crt0.o (memset)
c:/ac6/systemworkbench/plugins/fr.ac6.mcu.externaltools.arm-none.win32_1.7.0.201602121829/tools/compiler/bin/../lib/gcc/arm-none-eabi/5.2.1/../../../../arm-none-eabi/lib/armv7e-m/fpu/fpv5-sp-d16\libc_nano.a(lib_a-strcmp.o)
                              Src/main.o (strcmp)
c:/ac6/systemworkbench/plugins/fr.ac6.mcu.externaltools.arm-none.win32_1.7.0.201602121829/tools/compiler/bin/../lib/gcc/arm-none-eabi/5.2.1/../../../../arm-none-eabi/lib/armv7e-m/fpu/fpv5-sp-d16\libnosys.a(_exit.o)
                              c:/ac6/systemworkbench/plugins/fr.ac6.mcu.externaltools.arm-none.win32_1.7.0.201602121829/tools/compiler/bin/../lib/gcc/arm-none-eabi/5.2.1/../../../../arm-none-eabi/lib/armv7e-m/fpu/fpv5-sp-d16\libc_nano.a(lib_a-exit.o) (_exit)

Allocating common symbols
Common symbol       size              file

sdramHandle         0x34              Drivers/src/stm32746g_discovery_sdram.o
hi2c3               0x4c              Src/main.o
hi2c1               0x4c              Src/main.o
hLtdcHandler        0xa8              Drivers/src/stm32746g_discovery_lcd.o
uwTick              0x4               Drivers/STM32F7xx_HAL_Driver/Src/stm32f7xx_hal.o
pFlash              0x1c              Drivers/STM32F7xx_HAL_Driver/Src/stm32f7xx_hal_flash.o
hltdc               0xa8              Src/main.o
huart1              0x70              Src/main.o
huart6              0x70              Src/main.o
hdma2d              0x40              Src/main.o
hsdram1             0x34              Src/main.o
hqspi               0x44              Src/main.o

Discarded input sections

 .text          0x00000000        0x0 c:/ac6/systemworkbench/plugins/fr.ac6.mcu.externaltools.arm-none.win32_1.7.0.201602121829/tools/compiler/bin/../lib/gcc/arm-none-eabi/5.2.1/armv7e-m/fpu/fpv5-sp-d16/crti.o
 .data          0x00000000        0x0 c:/ac6/systemworkbench/plugins/fr.ac6.mcu.externaltools.arm-none.win32_1.7.0.201602121829/tools/compiler/bin/../lib/gcc/arm-none-eabi/5.2.1/armv7e-m/fpu/fpv5-sp-d16/crti.o
 .bss           0x00000000        0x0 c:/ac6/systemworkbench/plugins/fr.ac6.mcu.externaltools.arm-none.win32_1.7.0.201602121829/tools/compiler/bin/../lib/gcc/arm-none-eabi/5.2.1/armv7e-m/fpu/fpv5-sp-d16/crti.o
 .data          0x00000000        0x4 c:/ac6/systemworkbench/plugins/fr.ac6.mcu.externaltools.arm-none.win32_1.7.0.201602121829/tools/compiler/bin/../lib/gcc/arm-none-eabi/5.2.1/armv7e-m/fpu/fpv5-sp-d16/crtbegin.o
 .text          0x00000000       0x74 c:/ac6/systemworkbench/plugins/fr.ac6.mcu.externaltools.arm-none.win32_1.7.0.201602121829/tools/compiler/bin/../lib/gcc/arm-none-eabi/5.2.1/../../../../arm-none-eabi/lib/armv7e-m/fpu/fpv5-sp-d16/crt0.o
 .data          0x00000000        0x0 c:/ac6/systemworkbench/plugins/fr.ac6.mcu.externaltools.arm-none.win32_1.7.0.201602121829/tools/compiler/bin/../lib/gcc/arm-none-eabi/5.2.1/../../../../arm-none-eabi/lib/armv7e-m/fpu/fpv5-sp-d16/crt0.o
[...]
Memory Configuration

Name             Origin             Length             Attributes
RAM              0x20000000         0x00050000         xrw
FLASH            0x08000000         0x00100000         xr
*default*        0x00000000         0xffffffff

Linker script and memory map

LOAD c:/ac6/systemworkbench/plugins/fr.ac6.mcu.externaltools.arm-none.win32_1.7.0.201602121829/tools/compiler/bin/../lib/gcc/arm-none-eabi/5.2.1/armv7e-m/fpu/fpv5-sp-d16/crti.o
LOAD c:/ac6/systemworkbench/plugins/fr.ac6.mcu.externaltools.arm-none.win32_1.7.0.201602121829/tools/compiler/bin/../lib/gcc/arm-none-eabi/5.2.1/armv7e-m/fpu/fpv5-sp-d16/crtbegin.o
LOAD c:/ac6/systemworkbench/plugins/fr.ac6.mcu.externaltools.arm-none.win32_1.7.0.201602121829/tools/compiler/bin/../lib/gcc/arm-none-eabi/5.2.1/../../../../arm-none-eabi/lib/armv7e-m/fpu/fpv5-sp-d16/crt0.o
LOAD c:/ac6/systemworkbench/plugins/fr.ac6.mcu.externaltools.arm-none.win32_1.7.0.201602121829/tools/compiler/bin/../lib/gcc/arm-none-eabi/5.2.1/../../../../arm-none-eabi/lib/armv7e-m/fpu/fpv5-sp-d16\libm.a
LOAD Drivers/CMSIS/Device/ST/STM32F7xx/Source/Templates/gcc/startup_stm32f746xx.o
LOAD Drivers/CMSIS/Device/ST/STM32F7xx/Source/Templates/system_stm32f7xx.o
LOAD Drivers/STM32F7xx_HAL_Driver/Src/stm32f7xx_hal.o
LOAD Drivers/STM32F7xx_HAL_Driver/Src/stm32f7xx_hal_cortex.o
LOAD Drivers/STM32F7xx_HAL_Driver/Src/stm32f7xx_hal_dma.o
LOAD Drivers/STM32F7xx_HAL_Driver/Src/stm32f7xx_hal_dma2d.o
LOAD Drivers/STM32F7xx_HAL_Driver/Src/stm32f7xx_hal_dma_ex.o
LOAD Drivers/STM32F7xx_HAL_Driver/Src/stm32f7xx_hal_dsi.o
LOAD Drivers/STM32F7xx_HAL_Driver/Src/stm32f7xx_hal_flash.o
LOAD Drivers/STM32F7xx_HAL_Driver/Src/stm32f7xx_hal_flash_ex.o
LOAD Drivers/STM32F7xx_HAL_Driver/Src/stm32f7xx_hal_gpio.o
LOAD Drivers/STM32F7xx_HAL_Driver/Src/stm32f7xx_hal_i2c.o
LOAD Drivers/STM32F7xx_HAL_Driver/Src/stm32f7xx_hal_i2c_ex.o
LOAD Drivers/STM32F7xx_HAL_Driver/Src/stm32f7xx_hal_ltdc.o
LOAD Drivers/STM32F7xx_HAL_Driver/Src/stm32f7xx_hal_ltdc_ex.o
LOAD Drivers/STM32F7xx_HAL_Driver/Src/stm32f7xx_hal_pwr.o
LOAD Drivers/STM32F7xx_HAL_Driver/Src/stm32f7xx_hal_pwr_ex.o
LOAD Drivers/STM32F7xx_HAL_Driver/Src/stm32f7xx_hal_qspi.o
LOAD Drivers/STM32F7xx_HAL_Driver/Src/stm32f7xx_hal_rcc.o
LOAD Drivers/STM32F7xx_HAL_Driver/Src/stm32f7xx_hal_rcc_ex.o
LOAD Drivers/STM32F7xx_HAL_Driver/Src/stm32f7xx_hal_sdram.o
LOAD Drivers/STM32F7xx_HAL_Driver/Src/stm32f7xx_hal_tim.o
LOAD Drivers/STM32F7xx_HAL_Driver/Src/stm32f7xx_hal_tim_ex.o
LOAD Drivers/STM32F7xx_HAL_Driver/Src/stm32f7xx_hal_uart.o
LOAD Drivers/STM32F7xx_HAL_Driver/Src/stm32f7xx_ll_fmc.o
LOAD Drivers/Utilities/Fonts/font12.o
LOAD Drivers/Utilities/Fonts/font16.o
LOAD Drivers/Utilities/Fonts/font20.o
LOAD Drivers/Utilities/Fonts/font24.o
LOAD Drivers/Utilities/Fonts/font8.o
LOAD Drivers/components/ft5336.o
LOAD Drivers/src/stm32746g_discovery.o
LOAD Drivers/src/stm32746g_discovery_lcd.o
LOAD Drivers/src/stm32746g_discovery_sdram.o
LOAD Drivers/src/stm32746g_discovery_ts.o
LOAD Src/main.o
LOAD Src/stm32f7xx_hal_msp.o
LOAD Src/stm32f7xx_it.o
START GROUP
LOAD c:/ac6/systemworkbench/plugins/fr.ac6.mcu.externaltools.arm-none.win32_1.7.0.201602121829/tools/compiler/bin/../lib/gcc/arm-none-eabi/5.2.1/armv7e-m/fpu/fpv5-sp-d16\libgcc.a
LOAD c:/ac6/systemworkbench/plugins/fr.ac6.mcu.externaltools.arm-none.win32_1.7.0.201602121829/tools/compiler/bin/../lib/gcc/arm-none-eabi/5.2.1/../../../../arm-none-eabi/lib/armv7e-m/fpu/fpv5-sp-d16\libc_nano.a
END GROUP
START GROUP
LOAD c:/ac6/systemworkbench/plugins/fr.ac6.mcu.externaltools.arm-none.win32_1.7.0.201602121829/tools/compiler/bin/../lib/gcc/arm-none-eabi/5.2.1/armv7e-m/fpu/fpv5-sp-d16\libgcc.a
LOAD c:/ac6/systemworkbench/plugins/fr.ac6.mcu.externaltools.arm-none.win32_1.7.0.201602121829/tools/compiler/bin/../lib/gcc/arm-none-eabi/5.2.1/../../../../arm-none-eabi/lib/armv7e-m/fpu/fpv5-sp-d16\libc_nano.a
LOAD c:/ac6/systemworkbench/plugins/fr.ac6.mcu.externaltools.arm-none.win32_1.7.0.201602121829/tools/compiler/bin/../lib/gcc/arm-none-eabi/5.2.1/../../../../arm-none-eabi/lib/armv7e-m/fpu/fpv5-sp-d16\libnosys.a
END GROUP
START GROUP
LOAD c:/ac6/systemworkbench/plugins/fr.ac6.mcu.externaltools.arm-none.win32_1.7.0.201602121829/tools/compiler/bin/../lib/gcc/arm-none-eabi/5.2.1/armv7e-m/fpu/fpv5-sp-d16\libgcc.a
LOAD c:/ac6/systemworkbench/plugins/fr.ac6.mcu.externaltools.arm-none.win32_1.7.0.201602121829/tools/compiler/bin/../lib/gcc/arm-none-eabi/5.2.1/../../../../arm-none-eabi/lib/armv7e-m/fpu/fpv5-sp-d16\libc_nano.a
LOAD c:/ac6/systemworkbench/plugins/fr.ac6.mcu.externaltools.arm-none.win32_1.7.0.201602121829/tools/compiler/bin/../lib/gcc/arm-none-eabi/5.2.1/../../../../arm-none-eabi/lib/armv7e-m/fpu/fpv5-sp-d16\libnosys.a
END GROUP
LOAD c:/ac6/systemworkbench/plugins/fr.ac6.mcu.externaltools.arm-none.win32_1.7.0.201602121829/tools/compiler/bin/../lib/gcc/arm-none-eabi/5.2.1/armv7e-m/fpu/fpv5-sp-d16/crtend.o
LOAD c:/ac6/systemworkbench/plugins/fr.ac6.mcu.externaltools.arm-none.win32_1.7.0.201602121829/tools/compiler/bin/../lib/gcc/arm-none-eabi/5.2.1/armv7e-m/fpu/fpv5-sp-d16/crtn.o
                0x20050000                _estack = 0x20050000
                0x00000200                _Min_Heap_Size = 0x200
                0x00000400                _Min_Stack_Size = 0x400

.isr_vector     0x08000000      0x1c8
                0x08000000                . = ALIGN (0x4)
 *(.isr_vector)
 .isr_vector    0x08000000      0x1c8 Drivers/CMSIS/Device/ST/STM32F7xx/Source/Templates/gcc/startup_stm32f746xx.o
                0x08000000                g_pfnVectors
                0x080001c8                . = ALIGN (0x4)

.text           0x080001c8     0x4238
                0x080001c8                . = ALIGN (0x4)
 *(.text)
 .text          0x080001c8       0xa4 c:/ac6/systemworkbench/plugins/fr.ac6.mcu.externaltools.arm-none.win32_1.7.0.201602121829/tools/compiler/bin/../lib/gcc/arm-none-eabi/5.2.1/armv7e-m/fpu/fpv5-sp-d16/crtbegin.o
 .text          0x0800026c       0x14 c:/ac6/systemworkbench/plugins/fr.ac6.mcu.externaltools.arm-none.win32_1.7.0.201602121829/tools/compiler/bin/../lib/gcc/arm-none-eabi/5.2.1/../../../../arm-none-eabi/lib/armv7e-m/fpu/fpv5-sp-d16\libc_nano.a(lib_a-strcmp.o)
                0x0800026c                strcmp
 *(.text*)
 .text.Reset_Handler
                0x08000280       0x50 Drivers/CMSIS/Device/ST/STM32F7xx/Source/Templates/gcc/startup_stm32f746xx.o
                0x08000280                Reset_Handler
 .text.Default_Handler
                0x080002d0        0x2 Drivers/CMSIS/Device/ST/STM32F7xx/Source/Templates/gcc/startup_stm32f746xx.o
                0x080002d0                RTC_Alarm_IRQHandler
                0x080002d0                EXTI2_IRQHandler
                0x080002d0                TIM8_CC_IRQHandler
                0x080002d0                DebugMon_Handler
                0x080002d0                UART8_IRQHandler
                0x080002d0                SPI4_IRQHandler
                0x080002d0                TIM1_CC_IRQHandler
                0x080002d0                DMA2_Stream5_IRQHandler
                0x080002d0                HardFault_Handler
                0x080002d0                DMA1_Stream5_IRQHandler
                0x080002d0                PVD_IRQHandler
                0x080002d0                TAMP_STAMP_IRQHandler
                0x080002d0                PendSV_Handler
                0x080002d0                NMI_Handler
                0x080002d0                CAN2_RX1_IRQHandler
                0x080002d0                EXTI3_IRQHandler
                0x080002d0                TIM8_TRG_COM_TIM14_IRQHandler
                0x080002d0                TIM1_UP_TIM10_IRQHandler
                0x080002d0                TIM8_UP_TIM13_IRQHandler
                0x080002d0                I2C3_ER_IRQHandler
                0x080002d0                EXTI0_IRQHandler
                0x080002d0                I2C2_EV_IRQHandler
                0x080002d0                DMA1_Stream2_IRQHandler
                0x080002d0                CAN1_RX0_IRQHandler
                0x080002d0                FPU_IRQHandler
                0x080002d0                OTG_HS_WKUP_IRQHandler
                0x080002d0                UsageFault_Handler
                0x080002d0                LTDC_ER_IRQHandler
                0x080002d0                CAN2_SCE_IRQHandler
                0x080002d0                DMA2_Stream2_IRQHandler
                0x080002d0                SPI1_IRQHandler
                0x080002d0                TIM6_DAC_IRQHandler
                0x080002d0                TIM1_BRK_TIM9_IRQHandler
                0x080002d0                DCMI_IRQHandler
                0x080002d0                CAN2_RX0_IRQHandler
                0x080002d0                DMA2_Stream3_IRQHandler
                0x080002d0                SAI2_IRQHandler
                0x080002d0                USART6_IRQHandler
                0x080002d0                USART3_IRQHandler
                0x080002d0                CAN1_RX1_IRQHandler
                0x080002d0                UART5_IRQHandler
                0x080002d0                DMA2_Stream0_IRQHandler
                0x080002d0                TIM4_IRQHandler
                0x080002d0                QUADSPI_IRQHandler
                0x080002d0                I2C1_EV_IRQHandler
                0x080002d0                DMA1_Stream6_IRQHandler
                0x080002d0                DMA1_Stream1_IRQHandler
                0x080002d0                UART4_IRQHandler
                0x080002d0                TIM3_IRQHandler
                0x080002d0                RCC_IRQHandler
                0x080002d0                TIM8_BRK_TIM12_IRQHandler
                0x080002d0                Default_Handler
                0x080002d0                CEC_IRQHandler
                0x080002d0                EXTI15_10_IRQHandler
                0x080002d0                ADC_IRQHandler
                0x080002d0                DMA1_Stream7_IRQHandler
                0x080002d0                SPI5_IRQHandler
                0x080002d0                TIM7_IRQHandler
                0x080002d0                SDMMC1_IRQHandler
                0x080002d0                CAN2_TX_IRQHandler
                0x080002d0                TIM5_IRQHandler
                0x080002d0                DMA2_Stream7_IRQHandler
                0x080002d0                I2C3_EV_IRQHandler
                0x080002d0                EXTI9_5_IRQHandler
                0x080002d0                RTC_WKUP_IRQHandler
                0x080002d0                LTDC_IRQHandler
                0x080002d0                ETH_WKUP_IRQHandler
                0x080002d0                SPDIF_RX_IRQHandler
                0x080002d0                SPI2_IRQHandler
                0x080002d0                OTG_HS_EP1_IN_IRQHandler
                0x080002d0                MemManage_Handler
                0x080002d0                DMA1_Stream0_IRQHandler
                0x080002d0                CAN1_TX_IRQHandler
                0x080002d0                SVC_Handler
                0x080002d0                EXTI4_IRQHandler
                0x080002d0                RNG_IRQHandler
                0x080002d0                ETH_IRQHandler
                0x080002d0                OTG_HS_EP1_OUT_IRQHandler
                0x080002d0                WWDG_IRQHandler
                0x080002d0                SPI6_IRQHandler
                0x080002d0                I2C4_EV_IRQHandler
                0x080002d0                TIM2_IRQHandler
                0x080002d0                OTG_FS_WKUP_IRQHandler
                0x080002d0                TIM1_TRG_COM_TIM11_IRQHandler
                0x080002d0                OTG_HS_IRQHandler
                0x080002d0                DMA2D_IRQHandler
                0x080002d0                EXTI1_IRQHandler
                0x080002d0                UART7_IRQHandler
                0x080002d0                USART2_IRQHandler
                0x080002d0                I2C2_ER_IRQHandler
                0x080002d0                DMA2_Stream1_IRQHandler
                0x080002d0                CAN1_SCE_IRQHandler
                0x080002d0                FLASH_IRQHandler
                0x080002d0                DMA2_Stream4_IRQHandler
                0x080002d0                BusFault_Handler
                0x080002d0                USART1_IRQHandler
                0x080002d0                OTG_FS_IRQHandler
                0x080002d0                SPI3_IRQHandler
                0x080002d0                DMA1_Stream4_IRQHandler
                0x080002d0                I2C1_ER_IRQHandler
                0x080002d0                FMC_IRQHandler
                0x080002d0                LPTIM1_IRQHandler
                0x080002d0                I2C4_ER_IRQHandler
                0x080002d0                DMA2_Stream6_IRQHandler
                0x080002d0                SAI1_IRQHandler
                0x080002d0                DMA1_Stream3_IRQHandler
 *fill*         0x080002d2        0x2 
 .text.SystemInit
                0x080002d4       0x4c Drivers/CMSIS/Device/ST/STM32F7xx/Source/Templates/system_stm32f7xx.o
                0x080002d4                SystemInit
 .text.HAL_InitTick
                0x08000320       0x28 Drivers/STM32F7xx_HAL_Driver/Src/stm32f7xx_hal.o
                0x08000320                HAL_InitTick
 .text.HAL_Init
                0x08000348       0x16 Drivers/STM32F7xx_HAL_Driver/Src/stm32f7xx_hal.o
                0x08000348                HAL_Init
 *fill*         0x0800035e        0x2 
 .text.HAL_IncTick
                0x08000360       0x10 Drivers/STM32F7xx_HAL_Driver/Src/stm32f7xx_hal.o
                0x08000360                HAL_IncTick
 .text.HAL_GetTick
                0x08000370        0xc Drivers/STM32F7xx_HAL_Driver/Src/stm32f7xx_hal.o
                0x08000370                HAL_GetTick
 .text.HAL_Delay
                0x0800037c       0x1a Drivers/STM32F7xx_HAL_Driver/Src/stm32f7xx_hal.o
                0x0800037c                HAL_Delay
 *fill*         0x08000396        0x2 
 .text.HAL_NVIC_SetPriorityGrouping
                0x08000398       0x24 Drivers/STM32F7xx_HAL_Driver/Src/stm32f7xx_hal_cortex.o
                0x08000398                HAL_NVIC_SetPriorityGrouping
 .text.HAL_NVIC_SetPriority
                0x080003bc       0x70 Drivers/STM32F7xx_HAL_Driver/Src/stm32f7xx_hal_cortex.o
                0x080003bc                HAL_NVIC_SetPriority
 .text.HAL_NVIC_EnableIRQ
                0x0800042c       0x18 Drivers/STM32F7xx_HAL_Driver/Src/stm32f7xx_hal_cortex.o
                0x0800042c                HAL_NVIC_EnableIRQ
 .text.HAL_SYSTICK_Config
                0x08000444       0x2c Drivers/STM32F7xx_HAL_Driver/Src/stm32f7xx_hal_cortex.o
                0x08000444                HAL_SYSTICK_Config
 .text.HAL_SYSTICK_CLKSourceConfig
                0x08000470       0x18 Drivers/STM32F7xx_HAL_Driver/Src/stm32f7xx_hal_cortex.o
                0x08000470                HAL_SYSTICK_CLKSourceConfig
 .text.HAL_SYSTICK_Callback
                0x08000488        0x2 Drivers/STM32F7xx_HAL_Driver/Src/stm32f7xx_hal_cortex.o
                0x08000488                HAL_SYSTICK_Callback
 .text.HAL_SYSTICK_IRQHandler
                0x0800048a        0x8 Drivers/STM32F7xx_HAL_Driver/Src/stm32f7xx_hal_cortex.o
                0x0800048a                HAL_SYSTICK_IRQHandler
 *fill*         0x08000492        0x2 
 .text.DMA_CalcBaseAndBitshift
                0x08000494       0x2c Drivers/STM32F7xx_HAL_Driver/Src/stm32f7xx_hal_dma.o
 .text.HAL_DMA_Init
                0x080004c0       0xec Drivers/STM32F7xx_HAL_Driver/Src/stm32f7xx_hal_dma.o
                0x080004c0                HAL_DMA_Init
 .text.HAL_DMA_DeInit
                0x080005ac       0x4a Drivers/STM32F7xx_HAL_Driver/Src/stm32f7xx_hal_dma.o
                0x080005ac                HAL_DMA_DeInit
 *fill*         0x080005f6        0x2 
 .text.DMA2D_SetConfig
                0x080005f8       0xa0 Drivers/STM32F7xx_HAL_Driver/Src/stm32f7xx_hal_dma2d.o
 .text.HAL_DMA2D_Init
                0x08000698       0x58 Drivers/STM32F7xx_HAL_Driver/Src/stm32f7xx_hal_dma2d.o
                0x08000698                HAL_DMA2D_Init
 .text.HAL_DMA2D_Start
                0x080006f0       0x34 Drivers/STM32F7xx_HAL_Driver/Src/stm32f7xx_hal_dma2d.o
                0x080006f0                HAL_DMA2D_Start
 .text.HAL_DMA2D_PollForTransfer
                0x08000724      0x10a Drivers/STM32F7xx_HAL_Driver/Src/stm32f7xx_hal_dma2d.o
                0x08000724                HAL_DMA2D_PollForTransfer
 *fill*         0x0800082e        0x2 
 .text.HAL_DMA2D_ConfigLayer
                0x08000830       0xb4 Drivers/STM32F7xx_HAL_Driver/Src/stm32f7xx_hal_dma2d.o
                0x08000830                HAL_DMA2D_ConfigLayer
 .text.HAL_GPIO_Init
                0x080008e4      0x1d8 Drivers/STM32F7xx_HAL_Driver/Src/stm32f7xx_hal_gpio.o
                0x080008e4                HAL_GPIO_Init
 .text.HAL_GPIO_DeInit
                0x08000abc      0x14c Drivers/STM32F7xx_HAL_Driver/Src/stm32f7xx_hal_gpio.o
                0x08000abc                HAL_GPIO_DeInit
 .text.HAL_GPIO_WritePin
                0x08000c08        0x8 Drivers/STM32F7xx_HAL_Driver/Src/stm32f7xx_hal_gpio.o
                0x08000c08                HAL_GPIO_WritePin
 .text.I2C_Flush_TXDR
                0x08000c10       0x1c Drivers/STM32F7xx_HAL_Driver/Src/stm32f7xx_hal_i2c.o
 .text.I2C_TransferConfig
                0x08000c2c       0x24 Drivers/STM32F7xx_HAL_Driver/Src/stm32f7xx_hal_i2c.o
 .text.I2C_WaitOnFlagUntilTimeout
                0x08000c50       0x4e Drivers/STM32F7xx_HAL_Driver/Src/stm32f7xx_hal_i2c.o
 *fill*         0x08000c9e        0x2 
 .text.I2C_IsAcknowledgeFailed
                0x08000ca0       0x74 Drivers/STM32F7xx_HAL_Driver/Src/stm32f7xx_hal_i2c.o
 .text.I2C_WaitOnTXISFlagUntilTimeout
                0x08000d14       0x52 Drivers/STM32F7xx_HAL_Driver/Src/stm32f7xx_hal_i2c.o
 .text.I2C_RequestMemoryWrite
                0x08000d66       0x68 Drivers/STM32F7xx_HAL_Driver/Src/stm32f7xx_hal_i2c.o
 .text.I2C_RequestMemoryRead
                0x08000dce       0x66 Drivers/STM32F7xx_HAL_Driver/Src/stm32f7xx_hal_i2c.o
 .text.I2C_WaitOnSTOPFlagUntilTimeout
                0x08000e34       0x4e Drivers/STM32F7xx_HAL_Driver/Src/stm32f7xx_hal_i2c.o
 .text.HAL_I2C_Init
                0x08000e82       0x9c Drivers/STM32F7xx_HAL_Driver/Src/stm32f7xx_hal_i2c.o
                0x08000e82                HAL_I2C_Init
 .text.HAL_I2C_DeInit
                0x08000f1e       0x32 Drivers/STM32F7xx_HAL_Driver/Src/stm32f7xx_hal_i2c.o
                0x08000f1e                HAL_I2C_DeInit
 .text.HAL_I2C_Mem_Write
                0x08000f50      0x16c Drivers/STM32F7xx_HAL_Driver/Src/stm32f7xx_hal_i2c.o
                0x08000f50                HAL_I2C_Mem_Write
 .text.HAL_I2C_Mem_Read
                0x080010bc      0x178 Drivers/STM32F7xx_HAL_Driver/Src/stm32f7xx_hal_i2c.o
                0x080010bc                HAL_I2C_Mem_Read
 .text.HAL_I2C_GetState
                0x08001234        0x6 Drivers/STM32F7xx_HAL_Driver/Src/stm32f7xx_hal_i2c.o
                0x08001234                HAL_I2C_GetState
 .text.HAL_I2CEx_ConfigAnalogFilter
                0x0800123a       0x4c Drivers/STM32F7xx_HAL_Driver/Src/stm32f7xx_hal_i2c_ex.o
                0x0800123a                HAL_I2CEx_ConfigAnalogFilter
 .text.LTDC_SetConfig
                0x08001286      0x112 Drivers/STM32F7xx_HAL_Driver/Src/stm32f7xx_hal_ltdc.o
 .text.HAL_LTDC_Init
                0x08001398       0xe8 Drivers/STM32F7xx_HAL_Driver/Src/stm32f7xx_hal_ltdc.o
                0x08001398                HAL_LTDC_Init
 .text.HAL_LTDC_ConfigLayer
                0x08001480       0x52 Drivers/STM32F7xx_HAL_Driver/Src/stm32f7xx_hal_ltdc.o
                0x08001480                HAL_LTDC_ConfigLayer
 .text.HAL_LTDC_GetState
                0x080014d2        0x6 Drivers/STM32F7xx_HAL_Driver/Src/stm32f7xx_hal_ltdc.o
                0x080014d2                HAL_LTDC_GetState
 .text.QSPI_WaitFlagStateUntilTimeout
                0x080014d8       0x4c Drivers/STM32F7xx_HAL_Driver/Src/stm32f7xx_hal_qspi.o
 .text.HAL_QSPI_Init
                0x08001524       0xb8 Drivers/STM32F7xx_HAL_Driver/Src/stm32f7xx_hal_qspi.o
                0x08001524                HAL_QSPI_Init
 .text.HAL_RCC_OscConfig
                0x080015dc      0x334 Drivers/STM32F7xx_HAL_Driver/Src/stm32f7xx_hal_rcc.o
                0x080015dc                HAL_RCC_OscConfig
 .text.HAL_RCC_GetSysClockFreq
                0x08001910       0x7c Drivers/STM32F7xx_HAL_Driver/Src/stm32f7xx_hal_rcc.o
                0x08001910                HAL_RCC_GetSysClockFreq
 .text.HAL_RCC_ClockConfig
                0x0800198c      0x154 Drivers/STM32F7xx_HAL_Driver/Src/stm32f7xx_hal_rcc.o
                0x0800198c                HAL_RCC_ClockConfig
 .text.HAL_RCC_GetHCLKFreq
                0x08001ae0        0xc Drivers/STM32F7xx_HAL_Driver/Src/stm32f7xx_hal_rcc.o
                0x08001ae0                HAL_RCC_GetHCLKFreq
 .text.HAL_RCC_GetPCLK1Freq
                0x08001aec       0x30 Drivers/STM32F7xx_HAL_Driver/Src/stm32f7xx_hal_rcc.o
                0x08001aec                HAL_RCC_GetPCLK1Freq
 .text.HAL_RCC_GetPCLK2Freq
                0x08001b1c       0x30 Drivers/STM32F7xx_HAL_Driver/Src/stm32f7xx_hal_rcc.o
                0x08001b1c                HAL_RCC_GetPCLK2Freq
 .text.HAL_RCCEx_PeriphCLKConfig
                0x08001b4c      0x74c Drivers/STM32F7xx_HAL_Driver/Src/stm32f7xx_hal_rcc_ex.o
                0x08001b4c                HAL_RCCEx_PeriphCLKConfig
 .text.HAL_SDRAM_Init
                0x08002298       0x40 Drivers/STM32F7xx_HAL_Driver/Src/stm32f7xx_hal_sdram.o
                0x08002298                HAL_SDRAM_Init
 .text.HAL_SDRAM_SendCommand
                0x080022d8       0x2e Drivers/STM32F7xx_HAL_Driver/Src/stm32f7xx_hal_sdram.o
                0x080022d8                HAL_SDRAM_SendCommand
 .text.HAL_SDRAM_ProgramRefreshRate
                0x08002306       0x24 Drivers/STM32F7xx_HAL_Driver/Src/stm32f7xx_hal_sdram.o
                0x08002306                HAL_SDRAM_ProgramRefreshRate
 .text.UART_WaitOnFlagUntilTimeout
                0x0800232a       0x62 Drivers/STM32F7xx_HAL_Driver/Src/stm32f7xx_hal_uart.o
                0x0800232a                UART_WaitOnFlagUntilTimeout
 .text.HAL_UART_Receive
                0x0800238c       0xd6 Drivers/STM32F7xx_HAL_Driver/Src/stm32f7xx_hal_uart.o
                0x0800238c                HAL_UART_Receive
 *fill*         0x08002462        0x2 
 .text.UART_SetConfig
                0x08002464      0x268 Drivers/STM32F7xx_HAL_Driver/Src/stm32f7xx_hal_uart.o
                0x08002464                UART_SetConfig
 .text.UART_AdvFeatureConfig
                0x080026cc       0xaa Drivers/STM32F7xx_HAL_Driver/Src/stm32f7xx_hal_uart.o
                0x080026cc                UART_AdvFeatureConfig
 .text.UART_CheckIdleState
                0x08002776       0x68 Drivers/STM32F7xx_HAL_Driver/Src/stm32f7xx_hal_uart.o
                0x08002776                UART_CheckIdleState
 .text.HAL_UART_Init
                0x080027de       0x64 Drivers/STM32F7xx_HAL_Driver/Src/stm32f7xx_hal_uart.o
                0x080027de                HAL_UART_Init
 .text.FMC_SDRAM_Init
                0x08002842       0x82 Drivers/STM32F7xx_HAL_Driver/Src/stm32f7xx_ll_fmc.o
                0x08002842                FMC_SDRAM_Init
 .text.FMC_SDRAM_Timing_Init
                0x080028c4       0x98 Drivers/STM32F7xx_HAL_Driver/Src/stm32f7xx_ll_fmc.o
                0x080028c4                FMC_SDRAM_Timing_Init
 .text.FMC_SDRAM_SendCommand
                0x0800295c       0x4c Drivers/STM32F7xx_HAL_Driver/Src/stm32f7xx_ll_fmc.o
                0x0800295c                FMC_SDRAM_SendCommand
 .text.FMC_SDRAM_ProgramRefreshRate
                0x080029a8        0xc Drivers/STM32F7xx_HAL_Driver/Src/stm32f7xx_ll_fmc.o
                0x080029a8                FMC_SDRAM_ProgramRefreshRate
 .text.ft5336_TS_ITStatus
                0x080029b4        0x4 Drivers/components/ft5336.o
                0x080029b4                ft5336_TS_ITStatus
 .text.ft5336_TS_ClearIT
                0x080029b8        0x2 Drivers/components/ft5336.o
                0x080029b8                ft5336_TS_ClearIT
 *fill*         0x080029ba        0x2 
 .text.ft5336_ReadID
                0x080029bc       0x48 Drivers/components/ft5336.o
                0x080029bc                ft5336_ReadID
 .text.ft5336_TS_DetectTouch
                0x08002a04       0x44 Drivers/components/ft5336.o
                0x08002a04                ft5336_TS_DetectTouch
 .text.ft5336_TS_GetXY
                0x08002a48       0xac Drivers/components/ft5336.o
                0x08002a48                ft5336_TS_GetXY
 .text.ft5336_TS_EnableIT
                0x08002af4        0xa Drivers/components/ft5336.o
                0x08002af4                ft5336_TS_EnableIT
 .text.ft5336_TS_DisableIT
                0x08002afe        0xa Drivers/components/ft5336.o
                0x08002afe                ft5336_TS_DisableIT
 .text.ft5336_TS_Start
                0x08002b08        0x4 Drivers/components/ft5336.o
                0x08002b08                ft5336_TS_Start
 .text.ft5336_Reset
                0x08002b0c        0x2 Drivers/components/ft5336.o
                0x08002b0c                ft5336_Reset
 *fill*         0x08002b0e        0x2 
 .text.ft5336_Init
                0x08002b10       0x1c Drivers/components/ft5336.o
                0x08002b10                ft5336_Init
 .text.I2Cx_Init
                0x08002b2c      0x154 Drivers/src/stm32746g_discovery.o
 .text.I2Cx_ReadMultiple
                0x08002c80       0x30 Drivers/src/stm32746g_discovery.o
 .text.I2Cx_WriteMultiple
                0x08002cb0       0x30 Drivers/src/stm32746g_discovery.o
 .text.TS_IO_Init
                0x08002ce0        0xc Drivers/src/stm32746g_discovery.o
                0x08002ce0                TS_IO_Init
 .text.TS_IO_Write
                0x08002cec       0x20 Drivers/src/stm32746g_discovery.o
                0x08002cec                TS_IO_Write
 .text.TS_IO_Read
                0x08002d0c       0x28 Drivers/src/stm32746g_discovery.o
                0x08002d0c                TS_IO_Read
 .text.TS_IO_Delay
                0x08002d34        0x4 Drivers/src/stm32746g_discovery.o
                0x08002d34                TS_IO_Delay
 .text.LL_FillBuffer
                0x08002d38       0x78 Drivers/src/stm32746g_discovery_lcd.o
 .text.BSP_LCD_LayerDefaultInit
                0x08002db0       0x74 Drivers/src/stm32746g_discovery_lcd.o
                0x08002db0                BSP_LCD_LayerDefaultInit
 .text.BSP_LCD_SelectLayer
                0x08002e24        0xc Drivers/src/stm32746g_discovery_lcd.o
                0x08002e24                BSP_LCD_SelectLayer
 .text.BSP_LCD_SetTextColor
                0x08002e30       0x14 Drivers/src/stm32746g_discovery_lcd.o
                0x08002e30                BSP_LCD_SetTextColor
 .text.BSP_LCD_SetFont
                0x08002e44       0x14 Drivers/src/stm32746g_discovery_lcd.o
                0x08002e44                BSP_LCD_SetFont
 .text.BSP_LCD_Clear
                0x08002e58       0x2c Drivers/src/stm32746g_discovery_lcd.o
                0x08002e58                BSP_LCD_Clear
 .text.BSP_LCD_DrawPixel
                0x08002e84       0x34 Drivers/src/stm32746g_discovery_lcd.o
                0x08002e84                BSP_LCD_DrawPixel
 .text.BSP_LCD_DisplayChar
                0x08002eb8       0xc8 Drivers/src/stm32746g_discovery_lcd.o
                0x08002eb8                BSP_LCD_DisplayChar
 .text.BSP_LCD_DisplayStringAt
                0x08002f80       0xa4 Drivers/src/stm32746g_discovery_lcd.o
                0x08002f80                BSP_LCD_DisplayStringAt
 .text.BSP_LCD_DrawBitmap
                0x08003024       0xe0 Drivers/src/stm32746g_discovery_lcd.o
                0x08003024                BSP_LCD_DrawBitmap
 .text.BSP_LCD_FillRect
                0x08003104       0x54 Drivers/src/stm32746g_discovery_lcd.o
                0x08003104                BSP_LCD_FillRect
 .text.BSP_LCD_ClearStringLine
                0x08003158       0x40 Drivers/src/stm32746g_discovery_lcd.o
                0x08003158                BSP_LCD_ClearStringLine
 .text.BSP_LCD_DisplayOn
                0x08003198       0x34 Drivers/src/stm32746g_discovery_lcd.o
                0x08003198                BSP_LCD_DisplayOn
 .text.BSP_LCD_MspInit
                0x080031cc      0x148 Drivers/src/stm32746g_discovery_lcd.o
                0x080031cc                BSP_LCD_MspInit
 .text.BSP_LCD_ClockConfig
                0x08003314       0x20 Drivers/src/stm32746g_discovery_lcd.o
                0x08003314                BSP_LCD_ClockConfig
 .text.BSP_LCD_Init
                0x08003334       0xb4 Drivers/src/stm32746g_discovery_lcd.o
                0x08003334                BSP_LCD_Init
 .text.BSP_SDRAM_Initialization_sequence
                0x080033e8       0x98 Drivers/src/stm32746g_discovery_sdram.o
                0x080033e8                BSP_SDRAM_Initialization_sequence
 .text.BSP_SDRAM_MspInit
                0x08003480      0x180 Drivers/src/stm32746g_discovery_sdram.o
                0x08003480                BSP_SDRAM_MspInit
 .text.BSP_SDRAM_Init
                0x08003600       0x84 Drivers/src/stm32746g_discovery_sdram.o
                0x08003600                BSP_SDRAM_Init
 .text.BSP_TS_Init
                0x08003684       0x38 Drivers/src/stm32746g_discovery_ts.o
                0x08003684                BSP_TS_Init
 .text.SystemClock_Config
                0x080036bc       0xd8 Src/main.o
                0x080036bc                SystemClock_Config
 .text.startup.main
                0x08003794      0x7b8 Src/main.o
                0x08003794                main
 .text.HAL_MspInit
                0x08003f4c       0x60 Src/stm32f7xx_hal_msp.o
                0x08003f4c                HAL_MspInit
 .text.HAL_DMA2D_MspInit
                0x08003fac       0x28 Src/stm32f7xx_hal_msp.o
                0x08003fac                HAL_DMA2D_MspInit
 .text.HAL_I2C_MspInit
                0x08003fd4       0x94 Src/stm32f7xx_hal_msp.o
                0x08003fd4                HAL_I2C_MspInit
 .text.HAL_I2C_MspDeInit
                0x08004068       0x4c Src/stm32f7xx_hal_msp.o
                0x08004068                HAL_I2C_MspDeInit
 .text.HAL_LTDC_MspInit
                0x080040b4       0xb0 Src/stm32f7xx_hal_msp.o
                0x080040b4                HAL_LTDC_MspInit
 .text.HAL_QSPI_MspInit
                0x08004164       0xa4 Src/stm32f7xx_hal_msp.o
                0x08004164                HAL_QSPI_MspInit
 .text.HAL_UART_MspInit
                0x08004208       0xa4 Src/stm32f7xx_hal_msp.o
                0x08004208                HAL_UART_MspInit
 .text.HAL_SDRAM_MspInit
                0x080042ac       0xd0 Src/stm32f7xx_hal_msp.o
                0x080042ac                HAL_SDRAM_MspInit
 .text.SysTick_Handler
                0x0800437c        0xe Src/stm32f7xx_it.o
                0x0800437c                SysTick_Handler
 *fill*         0x0800438a        0x2 
 .text.__libc_init_array
                0x0800438c       0x4c c:/ac6/systemworkbench/plugins/fr.ac6.mcu.externaltools.arm-none.win32_1.7.0.201602121829/tools/compiler/bin/../lib/gcc/arm-none-eabi/5.2.1/../../../../arm-none-eabi/lib/armv7e-m/fpu/fpv5-sp-d16\libc_nano.a(lib_a-init.o)
                0x0800438c                __libc_init_array
 .text.memset   0x080043d8       0x10 c:/ac6/systemworkbench/plugins/fr.ac6.mcu.externaltools.arm-none.win32_1.7.0.201602121829/tools/compiler/bin/../lib/gcc/arm-none-eabi/5.2.1/../../../../arm-none-eabi/lib/armv7e-m/fpu/fpv5-sp-d16\libc_nano.a(lib_a-memset.o)
                0x080043d8                memset
 *(.glue_7)
 .glue_7        0x080043e8        0x0 linker stubs
 *(.glue_7t)
 .glue_7t       0x080043e8        0x0 linker stubs
 *(.eh_frame)
 .eh_frame      0x080043e8        0x0 c:/ac6/systemworkbench/plugins/fr.ac6.mcu.externaltools.arm-none.win32_1.7.0.201602121829/tools/compiler/bin/../lib/gcc/arm-none-eabi/5.2.1/armv7e-m/fpu/fpv5-sp-d16/crtbegin.o
 *(.init)
 .init          0x080043e8        0x4 c:/ac6/systemworkbench/plugins/fr.ac6.mcu.externaltools.arm-none.win32_1.7.0.201602121829/tools/compiler/bin/../lib/gcc/arm-none-eabi/5.2.1/armv7e-m/fpu/fpv5-sp-d16/crti.o
                0x080043e8                _init
 .init          0x080043ec        0x8 c:/ac6/systemworkbench/plugins/fr.ac6.mcu.externaltools.arm-none.win32_1.7.0.201602121829/tools/compiler/bin/../lib/gcc/arm-none-eabi/5.2.1/armv7e-m/fpu/fpv5-sp-d16/crtn.o
 *(.fini)
 .fini          0x080043f4        0x4 c:/ac6/systemworkbench/plugins/fr.ac6.mcu.externaltools.arm-none.win32_1.7.0.201602121829/tools/compiler/bin/../lib/gcc/arm-none-eabi/5.2.1/armv7e-m/fpu/fpv5-sp-d16/crti.o
                0x080043f4                _fini
 .fini          0x080043f8        0x8 c:/ac6/systemworkbench/plugins/fr.ac6.mcu.externaltools.arm-none.win32_1.7.0.201602121829/tools/compiler/bin/../lib/gcc/arm-none-eabi/5.2.1/armv7e-m/fpu/fpv5-sp-d16/crtn.o
                0x08004400                . = ALIGN (0x4)
                0x08004400                _etext = .

.vfp11_veneer   0x08004400        0x0
 .vfp11_veneer  0x08004400        0x0 linker stubs

.v4_bx          0x08004400        0x0
 .v4_bx         0x08004400        0x0 linker stubs

.iplt           0x08004400        0x0
 .iplt          0x08004400        0x0 c:/ac6/systemworkbench/plugins/fr.ac6.mcu.externaltools.arm-none.win32_1.7.0.201602121829/tools/compiler/bin/../lib/gcc/arm-none-eabi/5.2.1/armv7e-m/fpu/fpv5-sp-d16/crtbegin.o

.rodata         0x08004400    0x1a860
                0x08004400                . = ALIGN (0x4)
 *(.rodata)
 .rodata        0x08004400       0x18 Drivers/CMSIS/Device/ST/STM32F7xx/Source/Templates/system_stm32f7xx.o
                0x08004400                AHBPrescTable
                0x08004410                APBPrescTable
 .rodata        0x08004418        0x8 Drivers/STM32F7xx_HAL_Driver/Src/stm32f7xx_hal_dma.o
 .rodata        0x08004420       0x11 Drivers/STM32F7xx_HAL_Driver/Src/stm32f7xx_hal_uart.o
 .rodata        0x08004431      0x474 Drivers/Utilities/Fonts/font12.o
                0x08004431                Font12_Table
 .rodata        0x080048a5     0x1ab8 Drivers/Utilities/Fonts/font24.o
                0x080048a5                Font24_Table
 .rodata        0x0800635d       0x46 Drivers/components/ft5336.o
 .rodata        0x080063a3    0x1888e Src/main.o
                0x080063a3                FACE_DATA
 *(.rodata*)
 .rodata.str1.1
                0x0801ec31       0x2e Src/main.o
                0x0801ec60                . = ALIGN (0x4)
 *fill*         0x0801ec5f        0x1 

.rel.dyn        0x0801ec60        0x0
 .rel.iplt      0x0801ec60        0x0 c:/ac6/systemworkbench/plugins/fr.ac6.mcu.externaltools.arm-none.win32_1.7.0.201602121829/tools/compiler/bin/../lib/gcc/arm-none-eabi/5.2.1/armv7e-m/fpu/fpv5-sp-d16/crtbegin.o

.ARM.extab
 *(.ARM.extab* .gnu.linkonce.armextab.*)

.ARM            0x0801ec60        0x0
                0x0801ec60                __exidx_start = .
 *(.ARM.exidx*)
                0x0801ec60                __exidx_end = .

.preinit_array  0x0801ec60        0x0
                0x0801ec60                PROVIDE (__preinit_array_start, .)
 *(.preinit_array*)
                0x0801ec60                PROVIDE (__preinit_array_end, .)

.init_array     0x0801ec60        0x4
                0x0801ec60                PROVIDE (__init_array_start, .)
 *(SORT(.init_array.*))
 *(.init_array*)
 .init_array    0x0801ec60        0x4 c:/ac6/systemworkbench/plugins/fr.ac6.mcu.externaltools.arm-none.win32_1.7.0.201602121829/tools/compiler/bin/../lib/gcc/arm-none-eabi/5.2.1/armv7e-m/fpu/fpv5-sp-d16/crtbegin.o
                0x0801ec64                PROVIDE (__init_array_end, .)

.fini_array     0x0801ec64        0x4
                [!provide]                PROVIDE (__fini_array_start, .)
 *(SORT(.fini_array.*))
 *(.fini_array*)
 .fini_array    0x0801ec64        0x4 c:/ac6/systemworkbench/plugins/fr.ac6.mcu.externaltools.arm-none.win32_1.7.0.201602121829/tools/compiler/bin/../lib/gcc/arm-none-eabi/5.2.1/armv7e-m/fpu/fpv5-sp-d16/crtbegin.o
                [!provide]                PROVIDE (__fini_array_end, .)
                0x0801ec68                _sidata = LOADADDR (.data)

.data           0x20000000       0x40 load address 0x0801ec68
                0x20000000                . = ALIGN (0x4)
                0x20000000                _sdata = .
 *(.data)
 .data          0x20000000        0x4 Drivers/CMSIS/Device/ST/STM32F7xx/Source/Templates/system_stm32f7xx.o
                0x20000000                SystemCoreClock
 .data          0x20000004        0x8 Drivers/Utilities/Fonts/font12.o
                0x20000004                Font12
 .data          0x2000000c        0x8 Drivers/Utilities/Fonts/font24.o
                0x2000000c                Font24
 .data          0x20000014       0x28 Drivers/components/ft5336.o
                0x20000014                ft5336_ts_drv
 .data          0x2000003c        0x2 Drivers/src/stm32746g_discovery_sdram.o
 *(.data*)
                0x20000040                . = ALIGN (0x4)
 *fill*         0x2000003e        0x2 
                0x20000040                _edata = .

.jcr            0x20000040        0x0 load address 0x0801eca8
 .jcr           0x20000040        0x0 c:/ac6/systemworkbench/plugins/fr.ac6.mcu.externaltools.arm-none.win32_1.7.0.201602121829/tools/compiler/bin/../lib/gcc/arm-none-eabi/5.2.1/armv7e-m/fpu/fpv5-sp-d16/crtbegin.o

.tm_clone_table
                0x20000040        0x0 load address 0x0801eca8
 .tm_clone_table
                0x20000040        0x0 c:/ac6/systemworkbench/plugins/fr.ac6.mcu.externaltools.arm-none.win32_1.7.0.201602121829/tools/compiler/bin/../lib/gcc/arm-none-eabi/5.2.1/armv7e-m/fpu/fpv5-sp-d16/crtbegin.o
 .tm_clone_table
                0x20000040        0x0 c:/ac6/systemworkbench/plugins/fr.ac6.mcu.externaltools.arm-none.win32_1.7.0.201602121829/tools/compiler/bin/../lib/gcc/arm-none-eabi/5.2.1/armv7e-m/fpu/fpv5-sp-d16/crtend.o

.igot.plt       0x20000040        0x0 load address 0x0801eca8
 .igot.plt      0x20000040        0x0 c:/ac6/systemworkbench/plugins/fr.ac6.mcu.externaltools.arm-none.win32_1.7.0.201602121829/tools/compiler/bin/../lib/gcc/arm-none-eabi/5.2.1/armv7e-m/fpu/fpv5-sp-d16/crtbegin.o
                0x20000040                . = ALIGN (0x4)

.bss            0x20000040      0x67c load address 0x0801eca8
                0x20000040                _sbss = .
                0x20000040                __bss_start__ = _sbss
 *(.bss)
 .bss           0x20000040       0x1c c:/ac6/systemworkbench/plugins/fr.ac6.mcu.externaltools.arm-none.win32_1.7.0.201602121829/tools/compiler/bin/../lib/gcc/arm-none-eabi/5.2.1/armv7e-m/fpu/fpv5-sp-d16/crtbegin.o
 .bss           0x2000005c        0x6 Drivers/components/ft5336.o
 *fill*         0x20000062        0x2 
 .bss           0x20000064       0x98 Drivers/src/stm32746g_discovery.o
 .bss           0x200000fc       0xe0 Drivers/src/stm32746g_discovery_lcd.o
 .bss           0x200001dc       0xec Drivers/src/stm32746g_discovery_sdram.o
 .bss           0x200002c8       0x34 Drivers/src/stm32746g_discovery_ts.o
 .bss           0x200002fc        0x8 Src/stm32f7xx_hal_msp.o
 *(.bss*)
 *(COMMON)
 COMMON         0x20000304        0x4 Drivers/STM32F7xx_HAL_Driver/Src/stm32f7xx_hal.o
                0x20000304                uwTick
 COMMON         0x20000308       0xa8 Drivers/src/stm32746g_discovery_lcd.o
                0x20000308                hLtdcHandler
 COMMON         0x200003b0       0x34 Drivers/src/stm32746g_discovery_sdram.o
                0x200003b0                sdramHandle
 COMMON         0x200003e4      0x2d8 Src/main.o
                0x200003e4                hi2c3
                0x20000430                hi2c1
                0x2000047c                hltdc
                0x20000524                huart1
                0x20000594                huart6
                0x20000604                hdma2d
                0x20000644                hsdram1
                0x20000678                hqspi
                0x200006bc                . = ALIGN (0x4)
                0x200006bc                _ebss = .
                0x200006bc                __bss_end__ = _ebss

._user_heap_stack
                0x200006bc      0x604 load address 0x0801eca8
                0x200006c0                . = ALIGN (0x8)
 *fill*         0x200006bc        0x4 
                [!provide]                PROVIDE (end, .)
                [!provide]                PROVIDE (_end, .)
                0x200008c0                . = (. + _Min_Heap_Size)
 *fill*         0x200006c0      0x200 
                0x20000cc0                . = (. + _Min_Stack_Size)
 *fill*         0x200008c0      0x400 
                0x20000cc0                . = ALIGN (0x8)

/DISCARD/
 libc.a(*)
 libm.a(*)
 libgcc.a(*)

.ARM.attributes
                0x00000000       0x30
 *(.ARM.attributes)
 .ARM.attributes
                0x00000000       0x22 c:/ac6/systemworkbench/plugins/fr.ac6.mcu.externaltools.arm-none.win32_1.7.0.201602121829/tools/compiler/bin/../lib/gcc/arm-none-eabi/5.2.1/armv7e-m/fpu/fpv5-sp-d16/crti.o
 .ARM.attributes
                0x00000022       0x34 c:/ac6/systemworkbench/plugins/fr.ac6.mcu.externaltools.arm-none.win32_1.7.0.201602121829/tools/compiler/bin/../lib/gcc/arm-none-eabi/5.2.1/armv7e-m/fpu/fpv5-sp-d16/crtbegin.o
 .ARM.attributes
                0x00000056       0x21 Drivers/CMSIS/Device/ST/STM32F7xx/Source/Templates/gcc/startup_stm32f746xx.o
 .ARM.attributes
                0x00000077       0x39 Drivers/CMSIS/Device/ST/STM32F7xx/Source/Templates/system_stm32f7xx.o
 .ARM.attributes
                0x000000b0       0x39 Drivers/STM32F7xx_HAL_Driver/Src/stm32f7xx_hal.o
 .ARM.attributes
                0x000000e9       0x39 Drivers/STM32F7xx_HAL_Driver/Src/stm32f7xx_hal_cortex.o
 .ARM.attributes
                0x00000122       0x39 Drivers/STM32F7xx_HAL_Driver/Src/stm32f7xx_hal_dma.o
 .ARM.attributes
                0x0000015b       0x39 Drivers/STM32F7xx_HAL_Driver/Src/stm32f7xx_hal_dma2d.o
 .ARM.attributes
                0x00000194       0x39 Drivers/STM32F7xx_HAL_Driver/Src/stm32f7xx_hal_gpio.o
 .ARM.attributes
                0x000001cd       0x39 Drivers/STM32F7xx_HAL_Driver/Src/stm32f7xx_hal_i2c.o
 .ARM.attributes
                0x00000206       0x39 Drivers/STM32F7xx_HAL_Driver/Src/stm32f7xx_hal_i2c_ex.o
 .ARM.attributes
                0x0000023f       0x39 Drivers/STM32F7xx_HAL_Driver/Src/stm32f7xx_hal_ltdc.o
 .ARM.attributes
                0x00000278       0x39 Drivers/STM32F7xx_HAL_Driver/Src/stm32f7xx_hal_qspi.o
 .ARM.attributes
                0x000002b1       0x39 Drivers/STM32F7xx_HAL_Driver/Src/stm32f7xx_hal_rcc.o
 .ARM.attributes
                0x000002ea       0x39 Drivers/STM32F7xx_HAL_Driver/Src/stm32f7xx_hal_rcc_ex.o
 .ARM.attributes
                0x00000323       0x39 Drivers/STM32F7xx_HAL_Driver/Src/stm32f7xx_hal_sdram.o
 .ARM.attributes
                0x0000035c       0x39 Drivers/STM32F7xx_HAL_Driver/Src/stm32f7xx_hal_uart.o
 .ARM.attributes
                0x00000395       0x39 Drivers/STM32F7xx_HAL_Driver/Src/stm32f7xx_ll_fmc.o
 .ARM.attributes
                0x000003ce       0x39 Drivers/Utilities/Fonts/font12.o
 .ARM.attributes
                0x00000407       0x39 Drivers/Utilities/Fonts/font24.o
 .ARM.attributes
                0x00000440       0x39 Drivers/components/ft5336.o
 .ARM.attributes
                0x00000479       0x39 Drivers/src/stm32746g_discovery.o
 .ARM.attributes
                0x000004b2       0x39 Drivers/src/stm32746g_discovery_lcd.o
 .ARM.attributes
                0x000004eb       0x39 Drivers/src/stm32746g_discovery_sdram.o
 .ARM.attributes
                0x00000524       0x39 Drivers/src/stm32746g_discovery_ts.o
 .ARM.attributes
                0x0000055d       0x39 Src/main.o
 .ARM.attributes
                0x00000596       0x39 Src/stm32f7xx_hal_msp.o
 .ARM.attributes
                0x000005cf       0x39 Src/stm32f7xx_it.o
 .ARM.attributes
                0x00000608       0x34 c:/ac6/systemworkbench/plugins/fr.ac6.mcu.externaltools.arm-none.win32_1.7.0.201602121829/tools/compiler/bin/../lib/gcc/arm-none-eabi/5.2.1/../../../../arm-none-eabi/lib/armv7e-m/fpu/fpv5-sp-d16\libc_nano.a(lib_a-init.o)
 .ARM.attributes
                0x0000063c       0x34 c:/ac6/systemworkbench/plugins/fr.ac6.mcu.externaltools.arm-none.win32_1.7.0.201602121829/tools/compiler/bin/../lib/gcc/arm-none-eabi/5.2.1/../../../../arm-none-eabi/lib/armv7e-m/fpu/fpv5-sp-d16\libc_nano.a(lib_a-memset.o)
 .ARM.attributes
                0x00000670       0x20 c:/ac6/systemworkbench/plugins/fr.ac6.mcu.externaltools.arm-none.win32_1.7.0.201602121829/tools/compiler/bin/../lib/gcc/arm-none-eabi/5.2.1/../../../../arm-none-eabi/lib/armv7e-m/fpu/fpv5-sp-d16\libc_nano.a(lib_a-strcmp.o)
 .ARM.attributes
                0x00000690       0x34 c:/ac6/systemworkbench/plugins/fr.ac6.mcu.externaltools.arm-none.win32_1.7.0.201602121829/tools/compiler/bin/../lib/gcc/arm-none-eabi/5.2.1/armv7e-m/fpu/fpv5-sp-d16/crtend.o
 .ARM.attributes
                0x000006c4       0x22 c:/ac6/systemworkbench/plugins/fr.ac6.mcu.externaltools.arm-none.win32_1.7.0.201602121829/tools/compiler/bin/../lib/gcc/arm-none-eabi/5.2.1/armv7e-m/fpu/fpv5-sp-d16/crtn.o
OUTPUT(Joostens_Tomek_ES_Project.elf elf32-littlearm)

.debug_line     0x00000000    0x12d75
 .debug_line    0x00000000       0xae Drivers/CMSIS/Device/ST/STM32F7xx/Source/Templates/gcc/startup_stm32f746xx.o
 .debug_line    0x000000ae      0x8fa Drivers/CMSIS/Device/ST/STM32F7xx/Source/Templates/system_stm32f7xx.o
 .debug_line    0x000009a8      0xa4f Drivers/STM32F7xx_HAL_Driver/Src/stm32f7xx_hal.o
 .debug_line    0x000013f7      0xabb Drivers/STM32F7xx_HAL_Driver/Src/stm32f7xx_hal_cortex.o
 .debug_line    0x00001eb2      0xbcd Drivers/STM32F7xx_HAL_Driver/Src/stm32f7xx_hal_dma.o
 .debug_line    0x00002a7f      0xf52 Drivers/STM32F7xx_HAL_Driver/Src/stm32f7xx_hal_dma2d.o
 .debug_line    0x000039d1      0xab1 Drivers/STM32F7xx_HAL_Driver/Src/stm32f7xx_hal_gpio.o
 .debug_line    0x00004482     0x1b41 Drivers/STM32F7xx_HAL_Driver/Src/stm32f7xx_hal_i2c.o
 .debug_line    0x00005fc3      0x94f Drivers/STM32F7xx_HAL_Driver/Src/stm32f7xx_hal_i2c_ex.o
 .debug_line    0x00006912     0x1325 Drivers/STM32F7xx_HAL_Driver/Src/stm32f7xx_hal_ltdc.o
 .debug_line    0x00007c37      0xf1c Drivers/STM32F7xx_HAL_Driver/Src/stm32f7xx_hal_qspi.o
 .debug_line    0x00008b53      0xc80 Drivers/STM32F7xx_HAL_Driver/Src/stm32f7xx_hal_rcc.o
 .debug_line    0x000097d3      0xcec Drivers/STM32F7xx_HAL_Driver/Src/stm32f7xx_hal_rcc_ex.o
 .debug_line    0x0000a4bf      0xbc9 Drivers/STM32F7xx_HAL_Driver/Src/stm32f7xx_hal_sdram.o
 .debug_line    0x0000b088     0x11be Drivers/STM32F7xx_HAL_Driver/Src/stm32f7xx_hal_uart.o
 .debug_line    0x0000c246      0xb2c Drivers/STM32F7xx_HAL_Driver/Src/stm32f7xx_ll_fmc.o
 .debug_line    0x0000cd72      0x2b9 Drivers/Utilities/Fonts/font12.o
 .debug_line    0x0000d02b      0x2b9 Drivers/Utilities/Fonts/font24.o
 .debug_line    0x0000d2e4      0x433 Drivers/components/ft5336.o
 .debug_line    0x0000d717      0xc0f Drivers/src/stm32746g_discovery.o
 .debug_line    0x0000e326     0x126a Drivers/src/stm32746g_discovery_lcd.o
 .debug_line    0x0000f590      0xa97 Drivers/src/stm32746g_discovery_sdram.o
 .debug_line    0x00010027      0xb69 Drivers/src/stm32746g_discovery_ts.o
 .debug_line    0x00010b90      0xdf5 Src/main.o
 .debug_line    0x00011985      0xb30 Src/stm32f7xx_hal_msp.o
 .debug_line    0x000124b5      0x8c0 Src/stm32f7xx_it.o

.debug_info     0x00000000    0x1b3b0
 .debug_info    0x00000000       0xce Drivers/CMSIS/Device/ST/STM32F7xx/Source/Templates/gcc/startup_stm32f746xx.o
 .debug_info    0x000000ce      0x6cf Drivers/CMSIS/Device/ST/STM32F7xx/Source/Templates/system_stm32f7xx.o
 .debug_info    0x0000079d      0x8e7 Drivers/STM32F7xx_HAL_Driver/Src/stm32f7xx_hal.o
 .debug_info    0x00001084     0x109c Drivers/STM32F7xx_HAL_Driver/Src/stm32f7xx_hal_cortex.o
 .debug_info    0x00002120      0xa27 Drivers/STM32F7xx_HAL_Driver/Src/stm32f7xx_hal_dma.o
 .debug_info    0x00002b47     0x132a Drivers/STM32F7xx_HAL_Driver/Src/stm32f7xx_hal_dma2d.o
 .debug_info    0x00003e71      0x748 Drivers/STM32F7xx_HAL_Driver/Src/stm32f7xx_hal_gpio.o
 .debug_info    0x000045b9     0x2eb7 Drivers/STM32F7xx_HAL_Driver/Src/stm32f7xx_hal_i2c.o
 .debug_info    0x00007470      0x6a8 Drivers/STM32F7xx_HAL_Driver/Src/stm32f7xx_hal_i2c_ex.o
 .debug_info    0x00007b18     0x123f Drivers/STM32F7xx_HAL_Driver/Src/stm32f7xx_hal_ltdc.o
 .debug_info    0x00008d57     0x1639 Drivers/STM32F7xx_HAL_Driver/Src/stm32f7xx_hal_qspi.o
 .debug_info    0x0000a390      0xcbe Drivers/STM32F7xx_HAL_Driver/Src/stm32f7xx_hal_rcc.o
 .debug_info    0x0000b04e      0xf6c Drivers/STM32F7xx_HAL_Driver/Src/stm32f7xx_hal_rcc_ex.o
 .debug_info    0x0000bfba      0xcf7 Drivers/STM32F7xx_HAL_Driver/Src/stm32f7xx_hal_sdram.o
 .debug_info    0x0000ccb1     0x17bd Drivers/STM32F7xx_HAL_Driver/Src/stm32f7xx_hal_uart.o
 .debug_info    0x0000e46e      0xc8c Drivers/STM32F7xx_HAL_Driver/Src/stm32f7xx_ll_fmc.o
 .debug_info    0x0000f0fa      0x11b Drivers/Utilities/Fonts/font12.o
 .debug_info    0x0000f215      0x11b Drivers/Utilities/Fonts/font24.o
 .debug_info    0x0000f330      0x7e7 Drivers/components/ft5336.o
 .debug_info    0x0000fb17     0x1f7b Drivers/src/stm32746g_discovery.o
 .debug_info    0x00011a92     0x2f24 Drivers/src/stm32746g_discovery_lcd.o
 .debug_info    0x000149b6     0x1249 Drivers/src/stm32746g_discovery_sdram.o
 .debug_info    0x00015bff      0xa26 Drivers/src/stm32746g_discovery_ts.o
 .debug_info    0x00016625     0x2c1e Src/main.o
 .debug_info    0x00019243     0x2082 Src/stm32f7xx_hal_msp.o
 .debug_info    0x0001b2c5       0xeb Src/stm32f7xx_it.o

.debug_abbrev   0x00000000     0x3a2c
 .debug_abbrev  0x00000000       0x12 Drivers/CMSIS/Device/ST/STM32F7xx/Source/Templates/gcc/startup_stm32f746xx.o
 .debug_abbrev  0x00000012      0x120 Drivers/CMSIS/Device/ST/STM32F7xx/Source/Templates/system_stm32f7xx.o
 .debug_abbrev  0x00000132      0x1e5 Drivers/STM32F7xx_HAL_Driver/Src/stm32f7xx_hal.o
 .debug_abbrev  0x00000317      0x332 Drivers/STM32F7xx_HAL_Driver/Src/stm32f7xx_hal_cortex.o
 .debug_abbrev  0x00000649      0x2e0 Drivers/STM32F7xx_HAL_Driver/Src/stm32f7xx_hal_dma.o
 .debug_abbrev  0x00000929      0x32d Drivers/STM32F7xx_HAL_Driver/Src/stm32f7xx_hal_dma2d.o
 .debug_abbrev  0x00000c56      0x1cb Drivers/STM32F7xx_HAL_Driver/Src/stm32f7xx_hal_gpio.o
 .debug_abbrev  0x00000e21      0x343 Drivers/STM32F7xx_HAL_Driver/Src/stm32f7xx_hal_i2c.o
 .debug_abbrev  0x00001164      0x132 Drivers/STM32F7xx_HAL_Driver/Src/stm32f7xx_hal_i2c_ex.o
 .debug_abbrev  0x00001296      0x239 Drivers/STM32F7xx_HAL_Driver/Src/stm32f7xx_hal_ltdc.o
 .debug_abbrev  0x000014cf      0x318 Drivers/STM32F7xx_HAL_Driver/Src/stm32f7xx_hal_qspi.o
 .debug_abbrev  0x000017e7      0x2dd Drivers/STM32F7xx_HAL_Driver/Src/stm32f7xx_hal_rcc.o
 .debug_abbrev  0x00001ac4      0x231 Drivers/STM32F7xx_HAL_Driver/Src/stm32f7xx_hal_rcc_ex.o
 .debug_abbrev  0x00001cf5      0x239 Drivers/STM32F7xx_HAL_Driver/Src/stm32f7xx_hal_sdram.o
 .debug_abbrev  0x00001f2e      0x32c Drivers/STM32F7xx_HAL_Driver/Src/stm32f7xx_hal_uart.o
 .debug_abbrev  0x0000225a      0x183 Drivers/STM32F7xx_HAL_Driver/Src/stm32f7xx_ll_fmc.o
 .debug_abbrev  0x000023dd       0x98 Drivers/Utilities/Fonts/font12.o
 .debug_abbrev  0x00002475       0x98 Drivers/Utilities/Fonts/font24.o
 .debug_abbrev  0x0000250d      0x26d Drivers/components/ft5336.o
 .debug_abbrev  0x0000277a      0x3a7 Drivers/src/stm32746g_discovery.o
 .debug_abbrev  0x00002b21      0x420 Drivers/src/stm32746g_discovery_lcd.o
 .debug_abbrev  0x00002f41      0x238 Drivers/src/stm32746g_discovery_sdram.o
 .debug_abbrev  0x00003179      0x269 Drivers/src/stm32746g_discovery_ts.o
 .debug_abbrev  0x000033e2      0x30b Src/main.o
 .debug_abbrev  0x000036ed      0x298 Src/stm32f7xx_hal_msp.o
 .debug_abbrev  0x00003985       0xa7 Src/stm32f7xx_it.o

.debug_aranges  0x00000000     0x1038
 .debug_aranges
                0x00000000       0x28 Drivers/CMSIS/Device/ST/STM32F7xx/Source/Templates/gcc/startup_stm32f746xx.o
 .debug_aranges
                0x00000028       0x28 Drivers/CMSIS/Device/ST/STM32F7xx/Source/Templates/system_stm32f7xx.o
 .debug_aranges
                0x00000050       0xc8 Drivers/STM32F7xx_HAL_Driver/Src/stm32f7xx_hal.o
 .debug_aranges
                0x00000118       0x98 Drivers/STM32F7xx_HAL_Driver/Src/stm32f7xx_hal_cortex.o
 .debug_aranges
                0x000001b0       0x80 Drivers/STM32F7xx_HAL_Driver/Src/stm32f7xx_hal_dma.o
 .debug_aranges
                0x00000230       0xf0 Drivers/STM32F7xx_HAL_Driver/Src/stm32f7xx_hal_dma2d.o
 .debug_aranges
                0x00000320       0x58 Drivers/STM32F7xx_HAL_Driver/Src/stm32f7xx_hal_gpio.o
 .debug_aranges
                0x00000378      0x1f8 Drivers/STM32F7xx_HAL_Driver/Src/stm32f7xx_hal_i2c.o
 .debug_aranges
                0x00000570       0x28 Drivers/STM32F7xx_HAL_Driver/Src/stm32f7xx_hal_i2c_ex.o
 .debug_aranges
                0x00000598      0x138 Drivers/STM32F7xx_HAL_Driver/Src/stm32f7xx_hal_ltdc.o
 .debug_aranges
                0x000006d0      0x108 Drivers/STM32F7xx_HAL_Driver/Src/stm32f7xx_hal_qspi.o
 .debug_aranges
                0x000007d8       0x88 Drivers/STM32F7xx_HAL_Driver/Src/stm32f7xx_hal_rcc.o
 .debug_aranges
                0x00000860       0x30 Drivers/STM32F7xx_HAL_Driver/Src/stm32f7xx_hal_rcc_ex.o
 .debug_aranges
                0x00000890       0xb0 Drivers/STM32F7xx_HAL_Driver/Src/stm32f7xx_hal_sdram.o
 .debug_aranges
                0x00000940      0x148 Drivers/STM32F7xx_HAL_Driver/Src/stm32f7xx_hal_uart.o
 .debug_aranges
                0x00000a88       0xc8 Drivers/STM32F7xx_HAL_Driver/Src/stm32f7xx_ll_fmc.o
 .debug_aranges
                0x00000b50       0x18 Drivers/Utilities/Fonts/font12.o
 .debug_aranges
                0x00000b68       0x18 Drivers/Utilities/Fonts/font24.o
 .debug_aranges
                0x00000b80       0x70 Drivers/components/ft5336.o
 .debug_aranges
                0x00000bf0       0xf0 Drivers/src/stm32746g_discovery.o
 .debug_aranges
                0x00000ce0      0x1c8 Drivers/src/stm32746g_discovery_lcd.o
 .debug_aranges
                0x00000ea8       0x68 Drivers/src/stm32746g_discovery_sdram.o
 .debug_aranges
                0x00000f10       0x58 Drivers/src/stm32746g_discovery_ts.o
 .debug_aranges
                0x00000f68       0x30 Src/main.o
 .debug_aranges
                0x00000f98       0x80 Src/stm32f7xx_hal_msp.o
 .debug_aranges
                0x00001018       0x20 Src/stm32f7xx_it.o

.debug_ranges   0x00000000     0x1a40
 .debug_ranges  0x00000000       0x20 Drivers/CMSIS/Device/ST/STM32F7xx/Source/Templates/gcc/startup_stm32f746xx.o
 .debug_ranges  0x00000020       0x18 Drivers/CMSIS/Device/ST/STM32F7xx/Source/Templates/system_stm32f7xx.o
 .debug_ranges  0x00000038       0xb8 Drivers/STM32F7xx_HAL_Driver/Src/stm32f7xx_hal.o
 .debug_ranges  0x000000f0      0x140 Drivers/STM32F7xx_HAL_Driver/Src/stm32f7xx_hal_cortex.o
 .debug_ranges  0x00000230       0xa0 Drivers/STM32F7xx_HAL_Driver/Src/stm32f7xx_hal_dma.o
 .debug_ranges  0x000002d0      0x1b8 Drivers/STM32F7xx_HAL_Driver/Src/stm32f7xx_hal_dma2d.o
 .debug_ranges  0x00000488       0x70 Drivers/STM32F7xx_HAL_Driver/Src/stm32f7xx_hal_gpio.o
 .debug_ranges  0x000004f8      0x250 Drivers/STM32F7xx_HAL_Driver/Src/stm32f7xx_hal_i2c.o
 .debug_ranges  0x00000748       0x18 Drivers/STM32F7xx_HAL_Driver/Src/stm32f7xx_hal_i2c_ex.o
 .debug_ranges  0x00000760      0x128 Drivers/STM32F7xx_HAL_Driver/Src/stm32f7xx_hal_ltdc.o
 .debug_ranges  0x00000888      0x128 Drivers/STM32F7xx_HAL_Driver/Src/stm32f7xx_hal_qspi.o
 .debug_ranges  0x000009b0      0x1b0 Drivers/STM32F7xx_HAL_Driver/Src/stm32f7xx_hal_rcc.o
 .debug_ranges  0x00000b60      0x320 Drivers/STM32F7xx_HAL_Driver/Src/stm32f7xx_hal_rcc_ex.o
 .debug_ranges  0x00000e80       0xa0 Drivers/STM32F7xx_HAL_Driver/Src/stm32f7xx_hal_sdram.o
 .debug_ranges  0x00000f20      0x138 Drivers/STM32F7xx_HAL_Driver/Src/stm32f7xx_hal_uart.o
 .debug_ranges  0x00001058       0xb8 Drivers/STM32F7xx_HAL_Driver/Src/stm32f7xx_ll_fmc.o
 .debug_ranges  0x00001110       0x90 Drivers/components/ft5336.o
 .debug_ranges  0x000011a0      0x1c8 Drivers/src/stm32746g_discovery.o
 .debug_ranges  0x00001368      0x380 Drivers/src/stm32746g_discovery_lcd.o
 .debug_ranges  0x000016e8       0xa0 Drivers/src/stm32746g_discovery_sdram.o
 .debug_ranges  0x00001788       0x48 Drivers/src/stm32746g_discovery_ts.o
 .debug_ranges  0x000017d0       0xe0 Src/main.o
 .debug_ranges  0x000018b0      0x180 Src/stm32f7xx_hal_msp.o
 .debug_ranges  0x00001a30       0x10 Src/stm32f7xx_it.o

.debug_loc      0x00000000     0xe2df
 .debug_loc     0x00000000       0xec Drivers/CMSIS/Device/ST/STM32F7xx/Source/Templates/system_stm32f7xx.o
 .debug_loc     0x000000ec       0x6a Drivers/STM32F7xx_HAL_Driver/Src/stm32f7xx_hal.o
 .debug_loc     0x00000156      0x4cd Drivers/STM32F7xx_HAL_Driver/Src/stm32f7xx_hal_cortex.o
 .debug_loc     0x00000623      0x7db Drivers/STM32F7xx_HAL_Driver/Src/stm32f7xx_hal_dma.o
 .debug_loc     0x00000dfe     0x108a Drivers/STM32F7xx_HAL_Driver/Src/stm32f7xx_hal_dma2d.o
 .debug_loc     0x00001e88      0x34f Drivers/STM32F7xx_HAL_Driver/Src/stm32f7xx_hal_gpio.o
 .debug_loc     0x000021d7     0x351a Drivers/STM32F7xx_HAL_Driver/Src/stm32f7xx_hal_i2c.o
 .debug_loc     0x000056f1      0x102 Drivers/STM32F7xx_HAL_Driver/Src/stm32f7xx_hal_i2c_ex.o
 .debug_loc     0x000057f3     0x11b8 Drivers/STM32F7xx_HAL_Driver/Src/stm32f7xx_hal_ltdc.o
 .debug_loc     0x000069ab     0x117e Drivers/STM32F7xx_HAL_Driver/Src/stm32f7xx_hal_qspi.o
 .debug_loc     0x00007b29      0x49b Drivers/STM32F7xx_HAL_Driver/Src/stm32f7xx_hal_rcc.o
 .debug_loc     0x00007fc4      0x9b4 Drivers/STM32F7xx_HAL_Driver/Src/stm32f7xx_hal_rcc_ex.o
 .debug_loc     0x00008978      0x9b7 Drivers/STM32F7xx_HAL_Driver/Src/stm32f7xx_hal_sdram.o
 .debug_loc     0x0000932f     0x127b Drivers/STM32F7xx_HAL_Driver/Src/stm32f7xx_hal_uart.o
 .debug_loc     0x0000a5aa      0x7ca Drivers/STM32F7xx_HAL_Driver/Src/stm32f7xx_ll_fmc.o
 .debug_loc     0x0000ad74      0x462 Drivers/components/ft5336.o
 .debug_loc     0x0000b1d6      0x8b0 Drivers/src/stm32746g_discovery.o
 .debug_loc     0x0000ba86     0x211d Drivers/src/stm32746g_discovery_lcd.o
 .debug_loc     0x0000dba3      0x2f7 Drivers/src/stm32746g_discovery_sdram.o
 .debug_loc     0x0000de9a      0x228 Drivers/src/stm32746g_discovery_ts.o
 .debug_loc     0x0000e0c2       0x38 Src/main.o
 .debug_loc     0x0000e0fa      0x1e5 Src/stm32f7xx_hal_msp.o

.debug_macro    0x00000000    0x1a93e
 .debug_macro   0x00000000      0x30b Drivers/CMSIS/Device/ST/STM32F7xx/Source/Templates/system_stm32f7xx.o
 .debug_macro   0x0000030b      0x89e Drivers/CMSIS/Device/ST/STM32F7xx/Source/Templates/system_stm32f7xx.o
 .debug_macro   0x00000ba9       0x2e Drivers/CMSIS/Device/ST/STM32F7xx/Source/Templates/system_stm32f7xx.o
 .debug_macro   0x00000bd7       0x3b Drivers/CMSIS/Device/ST/STM32F7xx/Source/Templates/system_stm32f7xx.o
 .debug_macro   0x00000c12       0x22 Drivers/CMSIS/Device/ST/STM32F7xx/Source/Templates/system_stm32f7xx.o
 .debug_macro   0x00000c34       0x44 Drivers/CMSIS/Device/ST/STM32F7xx/Source/Templates/system_stm32f7xx.o
 .debug_macro   0x00000c78       0xfd Drivers/CMSIS/Device/ST/STM32F7xx/Source/Templates/system_stm32f7xx.o
 .debug_macro   0x00000d75       0x22 Drivers/CMSIS/Device/ST/STM32F7xx/Source/Templates/system_stm32f7xx.o
 .debug_macro   0x00000d97      0x1df Drivers/CMSIS/Device/ST/STM32F7xx/Source/Templates/system_stm32f7xx.o
 .debug_macro   0x00000f76       0x35 Drivers/CMSIS/Device/ST/STM32F7xx/Source/Templates/system_stm32f7xx.o
 .debug_macro   0x00000fab       0x50 Drivers/CMSIS/Device/ST/STM32F7xx/Source/Templates/system_stm32f7xx.o
 .debug_macro   0x00000ffb     0x1114 Drivers/CMSIS/Device/ST/STM32F7xx/Source/Templates/system_stm32f7xx.o
 .debug_macro   0x0000210f     0xaa96 Drivers/CMSIS/Device/ST/STM32F7xx/Source/Templates/system_stm32f7xx.o
 .debug_macro   0x0000cba5       0x43 Drivers/CMSIS/Device/ST/STM32F7xx/Source/Templates/system_stm32f7xx.o
 .debug_macro   0x0000cbe8      0x6d2 Drivers/CMSIS/Device/ST/STM32F7xx/Source/Templates/system_stm32f7xx.o
 .debug_macro   0x0000d2ba      0x1c1 Drivers/CMSIS/Device/ST/STM32F7xx/Source/Templates/system_stm32f7xx.o
 .debug_macro   0x0000d47b     0x3520 Drivers/CMSIS/Device/ST/STM32F7xx/Source/Templates/system_stm32f7xx.o
 .debug_macro   0x0001099b       0x58 Drivers/CMSIS/Device/ST/STM32F7xx/Source/Templates/system_stm32f7xx.o
 .debug_macro   0x000109f3       0x35 Drivers/CMSIS/Device/ST/STM32F7xx/Source/Templates/system_stm32f7xx.o
 .debug_macro   0x00010a28       0x9c Drivers/CMSIS/Device/ST/STM32F7xx/Source/Templates/system_stm32f7xx.o
 .debug_macro   0x00010ac4       0x16 Drivers/CMSIS/Device/ST/STM32F7xx/Source/Templates/system_stm32f7xx.o
 .debug_macro   0x00010ada       0x97 Drivers/CMSIS/Device/ST/STM32F7xx/Source/Templates/system_stm32f7xx.o
 .debug_macro   0x00010b71      0x329 Drivers/CMSIS/Device/ST/STM32F7xx/Source/Templates/system_stm32f7xx.o
 .debug_macro   0x00010e9a       0xfd Drivers/CMSIS/Device/ST/STM32F7xx/Source/Templates/system_stm32f7xx.o
 .debug_macro   0x00010f97       0x10 Drivers/CMSIS/Device/ST/STM32F7xx/Source/Templates/system_stm32f7xx.o
 .debug_macro   0x00010fa7       0x52 Drivers/CMSIS/Device/ST/STM32F7xx/Source/Templates/system_stm32f7xx.o
 .debug_macro   0x00010ff9       0x16 Drivers/CMSIS/Device/ST/STM32F7xx/Source/Templates/system_stm32f7xx.o
 .debug_macro   0x0001100f       0x43 Drivers/CMSIS/Device/ST/STM32F7xx/Source/Templates/system_stm32f7xx.o
 .debug_macro   0x00011052      0x187 Drivers/CMSIS/Device/ST/STM32F7xx/Source/Templates/system_stm32f7xx.o
 .debug_macro   0x000111d9       0x10 Drivers/CMSIS/Device/ST/STM32F7xx/Source/Templates/system_stm32f7xx.o
 .debug_macro   0x000111e9       0x22 Drivers/CMSIS/Device/ST/STM32F7xx/Source/Templates/system_stm32f7xx.o
 .debug_macro   0x0001120b       0x3a Drivers/CMSIS/Device/ST/STM32F7xx/Source/Templates/system_stm32f7xx.o
 .debug_macro   0x00011245       0x10 Drivers/CMSIS/Device/ST/STM32F7xx/Source/Templates/system_stm32f7xx.o
 .debug_macro   0x00011255       0x40 Drivers/CMSIS/Device/ST/STM32F7xx/Source/Templates/system_stm32f7xx.o
 .debug_macro   0x00011295       0x65 Drivers/CMSIS/Device/ST/STM32F7xx/Source/Templates/system_stm32f7xx.o
 .debug_macro   0x000112fa       0x16 Drivers/CMSIS/Device/ST/STM32F7xx/Source/Templates/system_stm32f7xx.o
 .debug_macro   0x00011310      0x197 Drivers/CMSIS/Device/ST/STM32F7xx/Source/Templates/system_stm32f7xx.o
 .debug_macro   0x000114a7       0x50 Drivers/CMSIS/Device/ST/STM32F7xx/Source/Templates/system_stm32f7xx.o
 .debug_macro   0x000114f7     0x18ad Drivers/CMSIS/Device/ST/STM32F7xx/Source/Templates/system_stm32f7xx.o
 .debug_macro   0x00012da4      0x6a2 Drivers/CMSIS/Device/ST/STM32F7xx/Source/Templates/system_stm32f7xx.o
 .debug_macro   0x00013446      0x11e Drivers/CMSIS/Device/ST/STM32F7xx/Source/Templates/system_stm32f7xx.o
 .debug_macro   0x00013564      0x204 Drivers/CMSIS/Device/ST/STM32F7xx/Source/Templates/system_stm32f7xx.o
 .debug_macro   0x00013768       0x27 Drivers/CMSIS/Device/ST/STM32F7xx/Source/Templates/system_stm32f7xx.o
 .debug_macro   0x0001378f      0x24f Drivers/CMSIS/Device/ST/STM32F7xx/Source/Templates/system_stm32f7xx.o
 .debug_macro   0x000139de       0x41 Drivers/CMSIS/Device/ST/STM32F7xx/Source/Templates/system_stm32f7xx.o
 .debug_macro   0x00013a1f       0x58 Drivers/CMSIS/Device/ST/STM32F7xx/Source/Templates/system_stm32f7xx.o
 .debug_macro   0x00013a77      0x23a Drivers/CMSIS/Device/ST/STM32F7xx/Source/Templates/system_stm32f7xx.o
 .debug_macro   0x00013cb1      0x20f Drivers/CMSIS/Device/ST/STM32F7xx/Source/Templates/system_stm32f7xx.o
 .debug_macro   0x00013ec0      0x149 Drivers/CMSIS/Device/ST/STM32F7xx/Source/Templates/system_stm32f7xx.o
 .debug_macro   0x00014009      0x25d Drivers/CMSIS/Device/ST/STM32F7xx/Source/Templates/system_stm32f7xx.o
 .debug_macro   0x00014266       0x12 Drivers/CMSIS/Device/ST/STM32F7xx/Source/Templates/system_stm32f7xx.o
 .debug_macro   0x00014278      0x516 Drivers/CMSIS/Device/ST/STM32F7xx/Source/Templates/system_stm32f7xx.o
 .debug_macro   0x0001478e      0x209 Drivers/CMSIS/Device/ST/STM32F7xx/Source/Templates/system_stm32f7xx.o
 .debug_macro   0x00014997       0x22 Drivers/CMSIS/Device/ST/STM32F7xx/Source/Templates/system_stm32f7xx.o
 .debug_macro   0x000149b9       0x90 Drivers/CMSIS/Device/ST/STM32F7xx/Source/Templates/system_stm32f7xx.o
 .debug_macro   0x00014a49      0x255 Drivers/CMSIS/Device/ST/STM32F7xx/Source/Templates/system_stm32f7xx.o
 .debug_macro   0x00014c9e      0x133 Drivers/CMSIS/Device/ST/STM32F7xx/Source/Templates/system_stm32f7xx.o
 .debug_macro   0x00014dd1      0x10c Drivers/CMSIS/Device/ST/STM32F7xx/Source/Templates/system_stm32f7xx.o
 .debug_macro   0x00014edd       0x35 Drivers/CMSIS/Device/ST/STM32F7xx/Source/Templates/system_stm32f7xx.o
 .debug_macro   0x00014f12      0x2e2 Drivers/CMSIS/Device/ST/STM32F7xx/Source/Templates/system_stm32f7xx.o
 .debug_macro   0x000151f4      0x4e8 Drivers/CMSIS/Device/ST/STM32F7xx/Source/Templates/system_stm32f7xx.o
 .debug_macro   0x000156dc       0x47 Drivers/CMSIS/Device/ST/STM32F7xx/Source/Templates/system_stm32f7xx.o
 .debug_macro   0x00015723      0x338 Drivers/STM32F7xx_HAL_Driver/Src/stm32f7xx_hal.o
 .debug_macro   0x00015a5b      0x14a Drivers/STM32F7xx_HAL_Driver/Src/stm32f7xx_hal.o
 .debug_macro   0x00015ba5      0x314 Drivers/STM32F7xx_HAL_Driver/Src/stm32f7xx_hal_cortex.o
 .debug_macro   0x00015eb9      0x31b Drivers/STM32F7xx_HAL_Driver/Src/stm32f7xx_hal_dma.o
 .debug_macro   0x000161d4      0x393 Drivers/STM32F7xx_HAL_Driver/Src/stm32f7xx_hal_dma2d.o
 .debug_macro   0x00016567      0x34c Drivers/STM32F7xx_HAL_Driver/Src/stm32f7xx_hal_gpio.o
 .debug_macro   0x000168b3      0x3d9 Drivers/STM32F7xx_HAL_Driver/Src/stm32f7xx_hal_i2c.o
 .debug_macro   0x00016c8c      0x314 Drivers/STM32F7xx_HAL_Driver/Src/stm32f7xx_hal_i2c_ex.o
 .debug_macro   0x00016fa0      0x314 Drivers/STM32F7xx_HAL_Driver/Src/stm32f7xx_hal_ltdc.o
 .debug_macro   0x000172b4      0x338 Drivers/STM32F7xx_HAL_Driver/Src/stm32f7xx_hal_qspi.o
 .debug_macro   0x000175ec      0x338 Drivers/STM32F7xx_HAL_Driver/Src/stm32f7xx_hal_rcc.o
 .debug_macro   0x00017924      0x320 Drivers/STM32F7xx_HAL_Driver/Src/stm32f7xx_hal_rcc_ex.o
 .debug_macro   0x00017c44      0x314 Drivers/STM32F7xx_HAL_Driver/Src/stm32f7xx_hal_sdram.o
 .debug_macro   0x00017f58      0x31c Drivers/STM32F7xx_HAL_Driver/Src/stm32f7xx_hal_uart.o
 .debug_macro   0x00018274      0x314 Drivers/STM32F7xx_HAL_Driver/Src/stm32f7xx_ll_fmc.o
 .debug_macro   0x00018588       0x64 Drivers/Utilities/Fonts/font12.o
 .debug_macro   0x000185ec       0x64 Drivers/Utilities/Fonts/font24.o
 .debug_macro   0x00018650       0x6c Drivers/components/ft5336.o
 .debug_macro   0x000186bc       0x10 Drivers/components/ft5336.o
 .debug_macro   0x000186cc      0x39f Drivers/components/ft5336.o
 .debug_macro   0x00018a6b      0x341 Drivers/src/stm32746g_discovery.o
 .debug_macro   0x00018dac      0x264 Drivers/src/stm32746g_discovery.o
 .debug_macro   0x00019010      0x35f Drivers/src/stm32746g_discovery_lcd.o
 .debug_macro   0x0001936f       0x40 Drivers/src/stm32746g_discovery_lcd.o
 .debug_macro   0x000193af       0x9a Drivers/src/stm32746g_discovery_lcd.o
 .debug_macro   0x00019449      0x26a Drivers/src/stm32746g_discovery_lcd.o
 .debug_macro   0x000196b3       0x10 Drivers/src/stm32746g_discovery_lcd.o
 .debug_macro   0x000196c3      0x12c Drivers/src/stm32746g_discovery_lcd.o
 .debug_macro   0x000197ef      0x323 Drivers/src/stm32746g_discovery_sdram.o
 .debug_macro   0x00019b12      0x34a Drivers/src/stm32746g_discovery_ts.o
 .debug_macro   0x00019e5c       0x2e Drivers/src/stm32746g_discovery_ts.o
 .debug_macro   0x00019e8a      0x397 Src/main.o
 .debug_macro   0x0001a221       0xa0 Src/main.o
 .debug_macro   0x0001a2c1       0x16 Src/main.o
 .debug_macro   0x0001a2d7       0x35 Src/main.o
 .debug_macro   0x0001a30c      0x314 Src/stm32f7xx_hal_msp.o
 .debug_macro   0x0001a620      0x31e Src/stm32f7xx_it.o

.debug_str      0x00000000    0x9099c
 .debug_str     0x00000000    0x85d1a Drivers/CMSIS/Device/ST/STM32F7xx/Source/Templates/system_stm32f7xx.o
                              0x85fb8 (size before relaxing)
 .debug_str     0x00085d1a     0x19e2 Drivers/STM32F7xx_HAL_Driver/Src/stm32f7xx_hal.o
                              0x878f8 (size before relaxing)
 .debug_str     0x000876fc      0x317 Drivers/STM32F7xx_HAL_Driver/Src/stm32f7xx_hal_cortex.o
                              0x8798f (size before relaxing)
 .debug_str     0x00087a13      0x533 Drivers/STM32F7xx_HAL_Driver/Src/stm32f7xx_hal_dma.o
                              0x873d3 (size before relaxing)
 .debug_str     0x00087f46      0x933 Drivers/STM32F7xx_HAL_Driver/Src/stm32f7xx_hal_dma2d.o
                              0x87974 (size before relaxing)
 .debug_str     0x00088879      0x2ca Drivers/STM32F7xx_HAL_Driver/Src/stm32f7xx_hal_gpio.o
                              0x87253 (size before relaxing)
 .debug_str     0x00088b43      0xf12 Drivers/STM32F7xx_HAL_Driver/Src/stm32f7xx_hal_i2c.o
                              0x88052 (size before relaxing)
 .debug_str     0x00089a55       0x3b Drivers/STM32F7xx_HAL_Driver/Src/stm32f7xx_hal_i2c_ex.o
                              0x873a7 (size before relaxing)
 .debug_str     0x00089a90      0x681 Drivers/STM32F7xx_HAL_Driver/Src/stm32f7xx_hal_ltdc.o
                              0x87587 (size before relaxing)
 .debug_str     0x0008a111      0x7b9 Drivers/STM32F7xx_HAL_Driver/Src/stm32f7xx_hal_qspi.o
                              0x878f4 (size before relaxing)
 .debug_str     0x0008a8ca      0x378 Drivers/STM32F7xx_HAL_Driver/Src/stm32f7xx_hal_rcc.o
                              0x873c7 (size before relaxing)
 .debug_str     0x0008ac42      0x366 Drivers/STM32F7xx_HAL_Driver/Src/stm32f7xx_hal_rcc_ex.o
                              0x87300 (size before relaxing)
 .debug_str     0x0008afa8      0x54d Drivers/STM32F7xx_HAL_Driver/Src/stm32f7xx_hal_sdram.o
                              0x8761b (size before relaxing)
 .debug_str     0x0008b4f5      0x73c Drivers/STM32F7xx_HAL_Driver/Src/stm32f7xx_hal_uart.o
                              0x87a35 (size before relaxing)
 .debug_str     0x0008bc31      0x394 Drivers/STM32F7xx_HAL_Driver/Src/stm32f7xx_ll_fmc.o
                              0x874d5 (size before relaxing)
 .debug_str     0x0008bfc5       0x8d Drivers/Utilities/Fonts/font12.o
                               0x32be (size before relaxing)
 .debug_str     0x0008c052       0x31 Drivers/Utilities/Fonts/font24.o
                               0x32be (size before relaxing)
 .debug_str     0x0008c083     0x16be Drivers/components/ft5336.o
                               0x4942 (size before relaxing)
 .debug_str     0x0008d741     0x162e Drivers/src/stm32746g_discovery.o
                              0x89478 (size before relaxing)
 .debug_str     0x0008ed6f     0x1469 Drivers/src/stm32746g_discovery_lcd.o
                              0x8a05d (size before relaxing)
 .debug_str     0x000901d8      0x146 Drivers/src/stm32746g_discovery_sdram.o
                              0x880e5 (size before relaxing)
 .debug_str     0x0009031e      0x3b6 Drivers/src/stm32746g_discovery_ts.o
                              0x89e2c (size before relaxing)
 .debug_str     0x000906d4      0x14b Src/main.o
                              0x8c0cb (size before relaxing)
 .debug_str     0x0009081f      0x145 Src/stm32f7xx_hal_msp.o
                              0x8859b (size before relaxing)
 .debug_str     0x00090964       0x38 Src/stm32f7xx_it.o
                              0x86e0c (size before relaxing)

.comment        0x00000000       0x6e
 .comment       0x00000000       0x6e Drivers/CMSIS/Device/ST/STM32F7xx/Source/Templates/system_stm32f7xx.o
                                 0x6f (size before relaxing)
 .comment       0x0000006e       0x6f Drivers/STM32F7xx_HAL_Driver/Src/stm32f7xx_hal.o
 .comment       0x0000006e       0x6f Drivers/STM32F7xx_HAL_Driver/Src/stm32f7xx_hal_cortex.o
 .comment       0x0000006e       0x6f Drivers/STM32F7xx_HAL_Driver/Src/stm32f7xx_hal_dma.o
 .comment       0x0000006e       0x6f Drivers/STM32F7xx_HAL_Driver/Src/stm32f7xx_hal_dma2d.o
 .comment       0x0000006e       0x6f Drivers/STM32F7xx_HAL_Driver/Src/stm32f7xx_hal_gpio.o
 .comment       0x0000006e       0x6f Drivers/STM32F7xx_HAL_Driver/Src/stm32f7xx_hal_i2c.o
 .comment       0x0000006e       0x6f Drivers/STM32F7xx_HAL_Driver/Src/stm32f7xx_hal_i2c_ex.o
 .comment       0x0000006e       0x6f Drivers/STM32F7xx_HAL_Driver/Src/stm32f7xx_hal_ltdc.o
 .comment       0x0000006e       0x6f Drivers/STM32F7xx_HAL_Driver/Src/stm32f7xx_hal_qspi.o
 .comment       0x0000006e       0x6f Drivers/STM32F7xx_HAL_Driver/Src/stm32f7xx_hal_rcc.o
 .comment       0x0000006e       0x6f Drivers/STM32F7xx_HAL_Driver/Src/stm32f7xx_hal_rcc_ex.o
 .comment       0x0000006e       0x6f Drivers/STM32F7xx_HAL_Driver/Src/stm32f7xx_hal_sdram.o
 .comment       0x0000006e       0x6f Drivers/STM32F7xx_HAL_Driver/Src/stm32f7xx_hal_uart.o
 .comment       0x0000006e       0x6f Drivers/STM32F7xx_HAL_Driver/Src/stm32f7xx_ll_fmc.o
 .comment       0x0000006e       0x6f Drivers/Utilities/Fonts/font12.o
 .comment       0x0000006e       0x6f Drivers/Utilities/Fonts/font24.o
 .comment       0x0000006e       0x6f Drivers/components/ft5336.o
 .comment       0x0000006e       0x6f Drivers/src/stm32746g_discovery.o
 .comment       0x0000006e       0x6f Drivers/src/stm32746g_discovery_lcd.o
 .comment       0x0000006e       0x6f Drivers/src/stm32746g_discovery_sdram.o
 .comment       0x0000006e       0x6f Drivers/src/stm32746g_discovery_ts.o
 .comment       0x0000006e       0x6f Src/main.o
 .comment       0x0000006e       0x6f Src/stm32f7xx_hal_msp.o
 .comment       0x0000006e       0x6f Src/stm32f7xx_it.o

.debug_frame    0x00000000     0x3030
 .debug_frame   0x00000000       0x30 Drivers/CMSIS/Device/ST/STM32F7xx/Source/Templates/system_stm32f7xx.o
 .debug_frame   0x00000030      0x1a4 Drivers/STM32F7xx_HAL_Driver/Src/stm32f7xx_hal.o
 .debug_frame   0x000001d4      0x130 Drivers/STM32F7xx_HAL_Driver/Src/stm32f7xx_hal_cortex.o
 .debug_frame   0x00000304      0x150 Drivers/STM32F7xx_HAL_Driver/Src/stm32f7xx_hal_dma.o
 .debug_frame   0x00000454      0x2f0 Drivers/STM32F7xx_HAL_Driver/Src/stm32f7xx_hal_dma2d.o
 .debug_frame   0x00000744       0xd4 Drivers/STM32F7xx_HAL_Driver/Src/stm32f7xx_hal_gpio.o
 .debug_frame   0x00000818      0x79c Drivers/STM32F7xx_HAL_Driver/Src/stm32f7xx_hal_i2c.o
 .debug_frame   0x00000fb4       0x40 Drivers/STM32F7xx_HAL_Driver/Src/stm32f7xx_hal_i2c_ex.o
 .debug_frame   0x00000ff4      0x3b8 Drivers/STM32F7xx_HAL_Driver/Src/stm32f7xx_hal_ltdc.o
 .debug_frame   0x000013ac      0x3ec Drivers/STM32F7xx_HAL_Driver/Src/stm32f7xx_hal_qspi.o
 .debug_frame   0x00001798      0x138 Drivers/STM32F7xx_HAL_Driver/Src/stm32f7xx_hal_rcc.o
 .debug_frame   0x000018d0       0x6c Drivers/STM32F7xx_HAL_Driver/Src/stm32f7xx_hal_rcc_ex.o
 .debug_frame   0x0000193c      0x228 Drivers/STM32F7xx_HAL_Driver/Src/stm32f7xx_hal_sdram.o
 .debug_frame   0x00001b64      0x41c Drivers/STM32F7xx_HAL_Driver/Src/stm32f7xx_hal_uart.o
 .debug_frame   0x00001f80      0x1ec Drivers/STM32F7xx_HAL_Driver/Src/stm32f7xx_ll_fmc.o
 .debug_frame   0x0000216c      0x128 Drivers/components/ft5336.o
 .debug_frame   0x00002294      0x2e8 Drivers/src/stm32746g_discovery.o
 .debug_frame   0x0000257c      0x618 Drivers/src/stm32746g_discovery_lcd.o
 .debug_frame   0x00002b94      0x124 Drivers/src/stm32746g_discovery_sdram.o
 .debug_frame   0x00002cb8       0xdc Drivers/src/stm32746g_discovery_ts.o
 .debug_frame   0x00002d94       0x70 Src/main.o
 .debug_frame   0x00002e04      0x194 Src/stm32f7xx_hal_msp.o
 .debug_frame   0x00002f98       0x2c Src/stm32f7xx_it.o
 .debug_frame   0x00002fc4       0x2c c:/ac6/systemworkbench/plugins/fr.ac6.mcu.externaltools.arm-none.win32_1.7.0.201602121829/tools/compiler/bin/../lib/gcc/arm-none-eabi/5.2.1/../../../../arm-none-eabi/lib/armv7e-m/fpu/fpv5-sp-d16\libc_nano.a(lib_a-init.o)
 .debug_frame   0x00002ff0       0x20 c:/ac6/systemworkbench/plugins/fr.ac6.mcu.externaltools.arm-none.win32_1.7.0.201602121829/tools/compiler/bin/../lib/gcc/arm-none-eabi/5.2.1/../../../../arm-none-eabi/lib/armv7e-m/fpu/fpv5-sp-d16\libc_nano.a(lib_a-memset.o)
 .debug_frame   0x00003010       0x20 c:/ac6/systemworkbench/plugins/fr.ac6.mcu.externaltools.arm-none.win32_1.7.0.201602121829/tools/compiler/bin/../lib/gcc/arm-none-eabi/5.2.1/../../../../arm-none-eabi/lib/armv7e-m/fpu/fpv5-sp-d16\libc_nano.a(lib_a-strcmp.o)
